Component: ARM Compiler 5.06 update 7 (build 960) Tool: armlink [4d3601]

==============================================================================

Section Cross References

    startup_stm32f103xb.o(STACK) refers (Special) to heapauxi.o(.text) for __use_two_region_memory
    startup_stm32f103xb.o(HEAP) refers (Special) to heapauxi.o(.text) for __use_two_region_memory
    startup_stm32f103xb.o(RESET) refers (Special) to heapauxi.o(.text) for __use_two_region_memory
    startup_stm32f103xb.o(RESET) refers to startup_stm32f103xb.o(STACK) for __initial_sp
    startup_stm32f103xb.o(RESET) refers to startup_stm32f103xb.o(.text) for Reset_Handler
    startup_stm32f103xb.o(RESET) refers to stm32f1xx_it.o(i.NMI_Handler) for NMI_Handler
    startup_stm32f103xb.o(RESET) refers to stm32f1xx_it.o(i.HardFault_Handler) for HardFault_Handler
    startup_stm32f103xb.o(RESET) refers to stm32f1xx_it.o(i.MemManage_Handler) for MemManage_Handler
    startup_stm32f103xb.o(RESET) refers to stm32f1xx_it.o(i.BusFault_Handler) for BusFault_Handler
    startup_stm32f103xb.o(RESET) refers to stm32f1xx_it.o(i.UsageFault_Handler) for UsageFault_Handler
    startup_stm32f103xb.o(RESET) refers to stm32f1xx_it.o(i.SVC_Handler) for SVC_Handler
    startup_stm32f103xb.o(RESET) refers to stm32f1xx_it.o(i.DebugMon_Handler) for DebugMon_Handler
    startup_stm32f103xb.o(RESET) refers to stm32f1xx_it.o(i.PendSV_Handler) for PendSV_Handler
    startup_stm32f103xb.o(RESET) refers to stm32f1xx_it.o(i.SysTick_Handler) for SysTick_Handler
    startup_stm32f103xb.o(RESET) refers to stm32f1xx_it.o(i.DMA1_Channel6_IRQHandler) for DMA1_Channel6_IRQHandler
    startup_stm32f103xb.o(RESET) refers to stm32f1xx_it.o(i.DMA1_Channel7_IRQHandler) for DMA1_Channel7_IRQHandler
    startup_stm32f103xb.o(RESET) refers to stm32f1xx_it.o(i.USART2_IRQHandler) for USART2_IRQHandler
    startup_stm32f103xb.o(.text) refers (Special) to heapauxi.o(.text) for __use_two_region_memory
    startup_stm32f103xb.o(.text) refers to system_stm32f1xx.o(i.SystemInit) for SystemInit
    startup_stm32f103xb.o(.text) refers to __main.o(!!!main) for __main
    startup_stm32f103xb.o(.text) refers to startup_stm32f103xb.o(HEAP) for Heap_Mem
    startup_stm32f103xb.o(.text) refers to startup_stm32f103xb.o(STACK) for Stack_Mem
    main.o(i.HAL_UARTEx_RxEventCallback) refers to _printf_percent.o(.ARM.Collect$$_printf_percent$$00000000) for _printf_percent
    main.o(i.HAL_UARTEx_RxEventCallback) refers to _printf_d.o(.ARM.Collect$$_printf_percent$$00000009) for _printf_d
    main.o(i.HAL_UARTEx_RxEventCallback) refers to _printf_dec.o(.text) for _printf_int_dec
    main.o(i.HAL_UARTEx_RxEventCallback) refers to _printf_f.o(.ARM.Collect$$_printf_percent$$00000003) for _printf_f
    main.o(i.HAL_UARTEx_RxEventCallback) refers to printf1.o(x$fpl$printf1) for _printf_fp_dec
    main.o(i.HAL_UARTEx_RxEventCallback) refers to w25q64.o(i.W25QXX_Page_Program) for W25QXX_Page_Program
    main.o(i.HAL_UARTEx_RxEventCallback) refers to oled.o(i.OLED_Clear) for OLED_Clear
    main.o(i.HAL_UARTEx_RxEventCallback) refers to noretval__2sprintf.o(.text) for __2sprintf
    main.o(i.HAL_UARTEx_RxEventCallback) refers to oled.o(i.OLED_PrintASCIIString) for OLED_PrintASCIIString
    main.o(i.HAL_UARTEx_RxEventCallback) refers to oled.o(i.OLED_DisplayRectangle) for OLED_DisplayRectangle
    main.o(i.HAL_UARTEx_RxEventCallback) refers to fflt_clz.o(x$fpl$ffltu) for __aeabi_ui2f
    main.o(i.HAL_UARTEx_RxEventCallback) refers to f2d.o(x$fpl$f2d) for __aeabi_f2d
    main.o(i.HAL_UARTEx_RxEventCallback) refers to round.o(i.round) for round
    main.o(i.HAL_UARTEx_RxEventCallback) refers to dfix.o(x$fpl$dfix) for __aeabi_d2iz
    main.o(i.HAL_UARTEx_RxEventCallback) refers to oled.o(i.OLED_DisplayFilledRectangle) for OLED_DisplayFilledRectangle
    main.o(i.HAL_UARTEx_RxEventCallback) refers to dflt_clz.o(x$fpl$dfltu) for __aeabi_ui2d
    main.o(i.HAL_UARTEx_RxEventCallback) refers to ddiv.o(x$fpl$ddiv) for __aeabi_ddiv
    main.o(i.HAL_UARTEx_RxEventCallback) refers to d2f.o(x$fpl$d2f) for __aeabi_d2f
    main.o(i.HAL_UARTEx_RxEventCallback) refers to oled.o(i.OLED_Show) for OLED_Show
    main.o(i.HAL_UARTEx_RxEventCallback) refers to stm32f1xx_hal_uart.o(i.HAL_UARTEx_ReceiveToIdle_DMA) for HAL_UARTEx_ReceiveToIdle_DMA
    main.o(i.HAL_UARTEx_RxEventCallback) refers to usart.o(.bss) for huart2
    main.o(i.HAL_UARTEx_RxEventCallback) refers to main.o(.bss) for .bss
    main.o(i.HAL_UARTEx_RxEventCallback) refers to font.o(.constdata) for afont16x8
    main.o(i.SystemClock_Config) refers to rt_memclr_w.o(.text) for __aeabi_memclr4
    main.o(i.SystemClock_Config) refers to stm32f1xx_hal_rcc.o(i.HAL_RCC_OscConfig) for HAL_RCC_OscConfig
    main.o(i.SystemClock_Config) refers to stm32f1xx_hal_rcc.o(i.HAL_RCC_ClockConfig) for HAL_RCC_ClockConfig
    main.o(i.main) refers to stm32f1xx_hal.o(i.HAL_Init) for HAL_Init
    main.o(i.main) refers to main.o(i.SystemClock_Config) for SystemClock_Config
[...]
    .ARM.Collect$$libinit$$00000025          0x08000182   Section        0  libinit2.o(.ARM.Collect$$libinit$$00000025)
    .ARM.Collect$$libinit$$0000002C          0x08000182   Section        0  libinit2.o(.ARM.Collect$$libinit$$0000002C)
    .ARM.Collect$$libinit$$0000002E          0x08000182   Section        0  libinit2.o(.ARM.Collect$$libinit$$0000002E)
    .ARM.Collect$$libinit$$00000030          0x08000182   Section        0  libinit2.o(.ARM.Collect$$libinit$$00000030)
    .ARM.Collect$$libinit$$00000032          0x08000182   Section        0  libinit2.o(.ARM.Collect$$libinit$$00000032)
    .ARM.Collect$$libinit$$00000033          0x08000182   Section        2  libinit2.o(.ARM.Collect$$libinit$$00000033)
    .ARM.Collect$$libshutdown$$00000000      0x08000184   Section        2  libshutdown.o(.ARM.Collect$$libshutdown$$00000000)
    .ARM.Collect$$libshutdown$$00000002      0x08000186   Section        0  libshutdown2.o(.ARM.Collect$$libshutdown$$00000002)
    .ARM.Collect$$libshutdown$$00000004      0x08000186   Section        0  libshutdown2.o(.ARM.Collect$$libshutdown$$00000004)
    .ARM.Collect$$libshutdown$$00000006      0x08000186   Section        0  libshutdown2.o(.ARM.Collect$$libshutdown$$00000006)
    .ARM.Collect$$libshutdown$$00000009      0x08000186   Section        0  libshutdown2.o(.ARM.Collect$$libshutdown$$00000009)
    .ARM.Collect$$libshutdown$$0000000C      0x08000186   Section        0  libshutdown2.o(.ARM.Collect$$libshutdown$$0000000C)
    .ARM.Collect$$libshutdown$$0000000E      0x08000186   Section        0  libshutdown2.o(.ARM.Collect$$libshutdown$$0000000E)
    .ARM.Collect$$libshutdown$$00000011      0x08000186   Section        0  libshutdown2.o(.ARM.Collect$$libshutdown$$00000011)
    .ARM.Collect$$libshutdown$$00000012      0x08000186   Section        2  libshutdown2.o(.ARM.Collect$$libshutdown$$00000012)
    .ARM.Collect$$rtentry$$00000000          0x08000188   Section        0  __rtentry.o(.ARM.Collect$$rtentry$$00000000)
    .ARM.Collect$$rtentry$$00000002          0x08000188   Section        0  __rtentry2.o(.ARM.Collect$$rtentry$$00000002)
    .ARM.Collect$$rtentry$$00000004          0x08000188   Section        6  __rtentry4.o(.ARM.Collect$$rtentry$$00000004)
    .ARM.Collect$$rtentry$$00000009          0x0800018e   Section        0  __rtentry2.o(.ARM.Collect$$rtentry$$00000009)
    .ARM.Collect$$rtentry$$0000000A          0x0800018e   Section        4  __rtentry2.o(.ARM.Collect$$rtentry$$0000000A)
    .ARM.Collect$$rtentry$$0000000C          0x08000192   Section        0  __rtentry2.o(.ARM.Collect$$rtentry$$0000000C)
    .ARM.Collect$$rtentry$$0000000D          0x08000192   Section        8  __rtentry2.o(.ARM.Collect$$rtentry$$0000000D)
    .ARM.Collect$$rtexit$$00000000           0x0800019a   Section        2  rtexit.o(.ARM.Collect$$rtexit$$00000000)
    .ARM.Collect$$rtexit$$00000002           0x0800019c   Section        0  rtexit2.o(.ARM.Collect$$rtexit$$00000002)
    .ARM.Collect$$rtexit$$00000003           0x0800019c   Section        4  rtexit2.o(.ARM.Collect$$rtexit$$00000003)
    .ARM.Collect$$rtexit$$00000004           0x080001a0   Section        6  rtexit2.o(.ARM.Collect$$rtexit$$00000004)
    .text                                    0x080001a8   Section       64  startup_stm32f103xb.o(.text)
    .text                                    0x080001e8   Section        0  noretval__2sprintf.o(.text)
    .text                                    0x08000210   Section        0  _printf_dec.o(.text)
    .text                                    0x08000288   Section        0  __printf_wp.o(.text)
    .text                                    0x08000396   Section       68  rt_memclr.o(.text)
    .text                                    0x080003da   Section       78  rt_memclr_w.o(.text)
    .text                                    0x08000428   Section        0  heapauxi.o(.text)
    .text                                    0x0800042e   Section        0  _printf_intcommon.o(.text)
    .text                                    0x080004e0   Section        0  _printf_fp_dec.o(.text)
    _fp_digits                               0x080004e3   Thumb Code   432  _printf_fp_dec.o(.text)
    .text                                    0x08000900   Section        0  _printf_char_common.o(.text)
    _printf_input_char                       0x08000901   Thumb Code    10  _printf_char_common.o(.text)
    .text                                    0x08000930   Section        0  _sputc.o(.text)
    .text                                    0x0800093c   Section        8  rt_locale_intlibspace.o(.text)
    .text                                    0x08000944   Section      138  lludiv10.o(.text)
    .text                                    0x080009d0   Section        0  _printf_fp_infnan.o(.text)
    .text                                    0x08000a50   Section        0  bigflt0.o(.text)
    .text                                    0x08000b34   Section        8  libspace.o(.text)
    .text                                    0x08000b3c   Section       74  sys_stackheap_outer.o(.text)
    .text                                    0x08000b86   Section        0  exit.o(.text)
    .text                                    0x08000b98   Section      128  strcmpv7m.o(.text)
    .text                                    0x08000c18   Section        0  sys_exit.o(.text)
    .text                                    0x08000c24   Section        2  use_no_semi.o(.text)
    .text                                    0x08000c26   Section        0  indicate_semi.o(.text)
    CL$$btod_d2e                             0x08000c26   Section       62  btod.o(CL$$btod_d2e)
    CL$$btod_d2e_denorm_low                  0x08000c64   Section       70  btod.o(CL$$btod_d2e_denorm_low)
    CL$$btod_d2e_norm_op1                    0x08000caa   Section       96  btod.o(CL$$btod_d2e_norm_op1)
    CL$$btod_div_common                      0x08000d0a   Section      824  btod.o(CL$$btod_div_common)
    CL$$btod_e2e                             0x08001042   Section      220  btod.o(CL$$btod_e2e)
    CL$$btod_ediv                            0x0800111e   Section       42  btod.o(CL$$btod_ediv)
    CL$$btod_emul                            0x08001148   Section       42  btod.o(CL$$btod_emul)
    CL$$btod_mult_common                     0x08001172   Section      580  btod.o(CL$$btod_mult_common)
    i.BusFault_Handler                       0x080013b6   Section        0  stm32f1xx_it.o(i.BusFault_Handler)
    i.DMA1_Channel6_IRQHandler               0x080013b8   Section        0  stm32f1xx_it.o(i.DMA1_Channel6_IRQHandler)
    i.DMA1_Channel7_IRQHandler               0x080013c4   Section        0  stm32f1xx_it.o(i.DMA1_Channel7_IRQHandler)
    i.DMA_SetConfig                          0x080013d0   Section        0  stm32f1xx_hal_dma.o(i.DMA_SetConfig)
    DMA_SetConfig                            0x080013d1   Thumb Code    42  stm32f1xx_hal_dma.o(i.DMA_SetConfig)
    i.DebugMon_Handler                       0x080013fa   Section        0  stm32f1xx_it.o(i.DebugMon_Handler)
    i.Error_Handler                          0x080013fc   Section        0  main.o(i.Error_Handler)
    i.HAL_DMA_Abort                          0x08001400   Section        0  stm32f1xx_hal_dma.o(i.HAL_DMA_Abort)
    i.HAL_DMA_Abort_IT                       0x08001448   Section        0  stm32f1xx_hal_dma.o(i.HAL_DMA_Abort_IT)
    i.HAL_DMA_IRQHandler                     0x080014e0   Section        0  stm32f1xx_hal_dma.o(i.HAL_DMA_IRQHandler)
    i.HAL_DMA_Init                           0x08001634   Section        0  stm32f1xx_hal_dma.o(i.HAL_DMA_Init)
    i.HAL_DMA_Start_IT                       0x08001690   Section        0  stm32f1xx_hal_dma.o(i.HAL_DMA_Start_IT)
    i.HAL_Delay                              0x08001700   Section        0  stm32f1xx_hal.o(i.HAL_Delay)
    i.HAL_GPIO_Init                          0x08001724   Section        0  stm32f1xx_hal_gpio.o(i.HAL_GPIO_Init)
    i.HAL_GPIO_WritePin                      0x08001904   Section        0  stm32f1xx_hal_gpio.o(i.HAL_GPIO_WritePin)
    i.HAL_GetTick                            0x08001910   Section        0  stm32f1xx_hal.o(i.HAL_GetTick)
    i.HAL_I2C_Init                           0x0800191c   Section        0  stm32f1xx_hal_i2c.o(i.HAL_I2C_Init)
    i.HAL_I2C_Master_Transmit                0x08001aa4   Section        0  stm32f1xx_hal_i2c.o(i.HAL_I2C_Master_Transmit)
    i.HAL_I2C_MspInit                        0x08001bd0   Section        0  i2c.o(i.HAL_I2C_MspInit)
    i.HAL_IncTick                            0x08001c40   Section        0  stm32f1xx_hal.o(i.HAL_IncTick)
    i.HAL_Init                               0x08001c50   Section        0  stm32f1xx_hal.o(i.HAL_Init)
    i.HAL_InitTick                           0x08001c74   Section        0  stm32f1xx_hal.o(i.HAL_InitTick)
    i.HAL_MspInit                            0x08001cb4   Section        0  stm32f1xx_hal_msp.o(i.HAL_MspInit)
    i.HAL_NVIC_EnableIRQ                     0x08001cf0   Section        0  stm32f1xx_hal_cortex.o(i.HAL_NVIC_EnableIRQ)
    i.HAL_NVIC_SetPriority                   0x08001d0c   Section        0  stm32f1xx_hal_cortex.o(i.HAL_NVIC_SetPriority)
    i.HAL_NVIC_SetPriorityGrouping           0x08001d4c   Section        0  stm32f1xx_hal_cortex.o(i.HAL_NVIC_SetPriorityGrouping)
    i.HAL_RCC_ClockConfig                    0x08001d70   Section        0  stm32f1xx_hal_rcc.o(i.HAL_RCC_ClockConfig)
    i.HAL_RCC_GetPCLK1Freq                   0x08001e9c   Section        0  stm32f1xx_hal_rcc.o(i.HAL_RCC_GetPCLK1Freq)
    i.HAL_RCC_GetPCLK2Freq                   0x08001ebc   Section        0  stm32f1xx_hal_rcc.o(i.HAL_RCC_GetPCLK2Freq)
    i.HAL_RCC_GetSysClockFreq                0x08001edc   Section        0  stm32f1xx_hal_rcc.o(i.HAL_RCC_GetSysClockFreq)
    i.HAL_RCC_OscConfig                      0x08001f28   Section        0  stm32f1xx_hal_rcc.o(i.HAL_RCC_OscConfig)
    i.HAL_SPI_Init                           0x08002248   Section        0  stm32f1xx_hal_spi.o(i.HAL_SPI_Init)
    i.HAL_SPI_MspInit                        0x080022fc   Section        0  spi.o(i.HAL_SPI_MspInit)
    i.HAL_SPI_Receive                        0x0800236c   Section        0  stm32f1xx_hal_spi.o(i.HAL_SPI_Receive)
    i.HAL_SPI_Transmit                       0x080024c0   Section        0  stm32f1xx_hal_spi.o(i.HAL_SPI_Transmit)
    i.HAL_SPI_TransmitReceive                0x08002626   Section        0  stm32f1xx_hal_spi.o(i.HAL_SPI_TransmitReceive)
    i.HAL_SYSTICK_Config                     0x08002816   Section        0  stm32f1xx_hal_cortex.o(i.HAL_SYSTICK_Config)
    i.HAL_UARTEx_ReceiveToIdle_DMA           0x0800283e   Section        0  stm32f1xx_hal_uart.o(i.HAL_UARTEx_ReceiveToIdle_DMA)
    i.HAL_UARTEx_RxEventCallback             0x08002888   Section        0  main.o(i.HAL_UARTEx_RxEventCallback)
    i.HAL_UART_ErrorCallback                 0x0800296c   Section        0  stm32f1xx_hal_uart.o(i.HAL_UART_ErrorCallback)
    i.HAL_UART_IRQHandler                    0x08002970   Section        0  stm32f1xx_hal_uart.o(i.HAL_UART_IRQHandler)
    i.HAL_UART_Init                          0x08002bdc   Section        0  stm32f1xx_hal_uart.o(i.HAL_UART_Init)
    i.HAL_UART_MspInit                       0x08002c40   Section        0  usart.o(i.HAL_UART_MspInit)
    i.HAL_UART_RxCpltCallback                0x08002d18   Section        0  stm32f1xx_hal_uart.o(i.HAL_UART_RxCpltCallback)
    i.HAL_UART_RxHalfCpltCallback            0x08002d1a   Section        0  stm32f1xx_hal_uart.o(i.HAL_UART_RxHalfCpltCallback)
    i.HAL_UART_Transmit                      0x08002d1c   Section        0  stm32f1xx_hal_uart.o(i.HAL_UART_Transmit)
    i.HAL_UART_TxCpltCallback                0x08002dbc   Section        0  stm32f1xx_hal_uart.o(i.HAL_UART_TxCpltCallback)
    i.HardFault_Handler                      0x08002dbe   Section        0  stm32f1xx_it.o(i.HardFault_Handler)
    i.I2C_IsAcknowledgeFailed                0x08002dc0   Section        0  stm32f1xx_hal_i2c.o(i.I2C_IsAcknowledgeFailed)
    I2C_IsAcknowledgeFailed                  0x08002dc1   Thumb Code    46  stm32f1xx_hal_i2c.o(i.I2C_IsAcknowledgeFailed)
    i.I2C_MasterRequestWrite                 0x08002df0   Section        0  stm32f1xx_hal_i2c.o(i.I2C_MasterRequestWrite)
    I2C_MasterRequestWrite                   0x08002df1   Thumb Code   150  stm32f1xx_hal_i2c.o(i.I2C_MasterRequestWrite)
    i.I2C_WaitOnBTFFlagUntilTimeout          0x08002e8c   Section        0  stm32f1xx_hal_i2c.o(i.I2C_WaitOnBTFFlagUntilTimeout)
    I2C_WaitOnBTFFlagUntilTimeout            0x08002e8d   Thumb Code    86  stm32f1xx_hal_i2c.o(i.I2C_WaitOnBTFFlagUntilTimeout)
    i.I2C_WaitOnFlagUntilTimeout             0x08002ee4   Section        0  stm32f1xx_hal_i2c.o(i.I2C_WaitOnFlagUntilTimeout)
    I2C_WaitOnFlagUntilTimeout               0x08002ee5   Thumb Code   144  stm32f1xx_hal_i2c.o(i.I2C_WaitOnFlagUntilTimeout)
    i.I2C_WaitOnMasterAddressFlagUntilTimeout 0x08002f74   Section        0  stm32f1xx_hal_i2c.o(i.I2C_WaitOnMasterAddressFlagUntilTimeout)
    I2C_WaitOnMasterAddressFlagUntilTimeout  0x08002f75   Thumb Code   188  stm32f1xx_hal_i2c.o(i.I2C_WaitOnMasterAddressFlagUntilTimeout)
    i.I2C_WaitOnTXEFlagUntilTimeout          0x08003030   Section        0  stm32f1xx_hal_i2c.o(i.I2C_WaitOnTXEFlagUntilTimeout)
    I2C_WaitOnTXEFlagUntilTimeout            0x08003031   Thumb Code    86  stm32f1xx_hal_i2c.o(i.I2C_WaitOnTXEFlagUntilTimeout)
    i.MX_DMA_Init                            0x08003088   Section        0  dma.o(i.MX_DMA_Init)
    i.MX_GPIO_Init                           0x080030c4   Section        0  gpio.o(i.MX_GPIO_Init)
    i.MX_I2C1_Init                           0x08003180   Section        0  i2c.o(i.MX_I2C1_Init)
    i.MX_SPI1_Init                           0x080031c0   Section        0  spi.o(i.MX_SPI1_Init)
    i.MX_USART2_UART_Init                    0x08003208   Section        0  usart.o(i.MX_USART2_UART_Init)
    i.MemManage_Handler                      0x08003240   Section        0  stm32f1xx_it.o(i.MemManage_Handler)
    i.NMI_Handler                            0x08003242   Section        0  stm32f1xx_it.o(i.NMI_Handler)
    i.OLED_Clear                             0x08003244   Section        0  oled.o(i.OLED_Clear)
    i.OLED_DisplayFilledRectangle            0x08003254   Section        0  oled.o(i.OLED_DisplayFilledRectangle)
    i.OLED_DisplayLine                       0x08003288   Section        0  oled.o(i.OLED_DisplayLine)
    i.OLED_DisplayPixel                      0x0800338c   Section        0  oled.o(i.OLED_DisplayPixel)
    i.OLED_DisplayRectangle                  0x080033bc   Section        0  oled.o(i.OLED_DisplayRectangle)
    i.OLED_Init                              0x08003404   Section        0  oled.o(i.OLED_Init)
    i.OLED_PrintASCIIChar                    0x080034c0   Section        0  oled.o(i.OLED_PrintASCIIChar)
    i.OLED_PrintASCIIString                  0x080034e0   Section        0  oled.o(i.OLED_PrintASCIIString)
    i.OLED_SendCmd                           0x08003510   Section        0  oled.o(i.OLED_SendCmd)
    i.OLED_SetBits                           0x08003534   Section        0  oled.o(i.OLED_SetBits)
    i.OLED_SetBits_Fine                      0x0800357c   Section        0  oled.o(i.OLED_SetBits_Fine)
    i.OLED_SetBlock                          0x080035e4   Section        0  oled.o(i.OLED_SetBlock)
    i.OLED_SetByte_Fine                      0x0800366c   Section        0  oled.o(i.OLED_SetByte_Fine)
    i.OLED_Show                              0x080036b4   Section        0  oled.o(i.OLED_Show)
    i.PendSV_Handler                         0x08003714   Section        0  stm32f1xx_it.o(i.PendSV_Handler)
    i.SPI_EndRxTransaction                   0x08003716   Section        0  stm32f1xx_hal_spi.o(i.SPI_EndRxTransaction)
    SPI_EndRxTransaction                     0x08003717   Thumb Code    92  stm32f1xx_hal_spi.o(i.SPI_EndRxTransaction)
    i.SPI_EndRxTxTransaction                 0x08003772   Section        0  stm32f1xx_hal_spi.o(i.SPI_EndRxTxTransaction)
    SPI_EndRxTxTransaction                   0x08003773   Thumb Code    52  stm32f1xx_hal_spi.o(i.SPI_EndRxTxTransaction)
    i.SPI_Receive                            0x080037a8   Section        0  w25q64.o(i.SPI_Receive)
    SPI_Receive                              0x080037a9   Thumb Code    12  w25q64.o(i.SPI_Receive)
    i.SPI_Transmit                           0x080037b8   Section        0  w25q64.o(i.SPI_Transmit)
    SPI_Transmit                             0x080037b9   Thumb Code    12  w25q64.o(i.SPI_Transmit)
    i.SPI_WaitFlagStateUntilTimeout          0x080037c8   Section        0  stm32f1xx_hal_spi.o(i.SPI_WaitFlagStateUntilTimeout)
    SPI_WaitFlagStateUntilTimeout            0x080037c9   Thumb Code   180  stm32f1xx_hal_spi.o(i.SPI_WaitFlagStateUntilTimeout)
    i.SVC_Handler                            0x08003880   Section        0  stm32f1xx_it.o(i.SVC_Handler)
    i.SysTick_Handler                        0x08003882   Section        0  stm32f1xx_it.o(i.SysTick_Handler)
    i.SystemClock_Config                     0x08003886   Section        0  main.o(i.SystemClock_Config)
    i.SystemInit                             0x080038e4   Section        0  system_stm32f1xx.o(i.SystemInit)
    i.UART_DMAAbortOnError                   0x080038e6   Section        0  stm32f1xx_hal_uart.o(i.UART_DMAAbortOnError)
    UART_DMAAbortOnError                     0x080038e7   Thumb Code    16  stm32f1xx_hal_uart.o(i.UART_DMAAbortOnError)
    i.UART_DMAError                          0x080038f6   Section        0  stm32f1xx_hal_uart.o(i.UART_DMAError)
    UART_DMAError                            0x080038f7   Thumb Code    74  stm32f1xx_hal_uart.o(i.UART_DMAError)
    i.UART_DMAReceiveCplt                    0x08003940   Section        0  stm32f1xx_hal_uart.o(i.UART_DMAReceiveCplt)
    UART_DMAReceiveCplt                      0x08003941   Thumb Code   134  stm32f1xx_hal_uart.o(i.UART_DMAReceiveCplt)
    i.UART_DMARxHalfCplt                     0x080039c6   Section        0  stm32f1xx_hal_uart.o(i.UART_DMARxHalfCplt)
    UART_DMARxHalfCplt                       0x080039c7   Thumb Code    30  stm32f1xx_hal_uart.o(i.UART_DMARxHalfCplt)
    i.UART_EndRxTransfer                     0x080039e4   Section        0  stm32f1xx_hal_uart.o(i.UART_EndRxTransfer)
    UART_EndRxTransfer                       0x080039e5   Thumb Code    78  stm32f1xx_hal_uart.o(i.UART_EndRxTransfer)
    i.UART_EndTxTransfer                     0x08003a32   Section        0  stm32f1xx_hal_uart.o(i.UART_EndTxTransfer)
    UART_EndTxTransfer                       0x08003a33   Thumb Code    28  stm32f1xx_hal_uart.o(i.UART_EndTxTransfer)
    i.UART_Receive_IT                        0x08003a4e   Section        0  stm32f1xx_hal_uart.o(i.UART_Receive_IT)
    UART_Receive_IT                          0x08003a4f   Thumb Code   194  stm32f1xx_hal_uart.o(i.UART_Receive_IT)
    i.UART_SetConfig                         0x08003b10   Section        0  stm32f1xx_hal_uart.o(i.UART_SetConfig)
    UART_SetConfig                           0x08003b11   Thumb Code   178  stm32f1xx_hal_uart.o(i.UART_SetConfig)
    i.UART_Start_Receive_DMA                 0x08003bc8   Section        0  stm32f1xx_hal_uart.o(i.UART_Start_Receive_DMA)
    i.UART_WaitOnFlagUntilTimeout            0x08003c58   Section        0  stm32f1xx_hal_uart.o(i.UART_WaitOnFlagUntilTimeout)
    UART_WaitOnFlagUntilTimeout              0x08003c59   Thumb Code   114  stm32f1xx_hal_uart.o(i.UART_WaitOnFlagUntilTimeout)
    i.USART2_IRQHandler                      0x08003ccc   Section        0  stm32f1xx_it.o(i.USART2_IRQHandler)
    i.UsageFault_Handler                     0x08003cd8   Section        0  stm32f1xx_it.o(i.UsageFault_Handler)
    i.W25QXX_Erase_chip                      0x08003cdc   Section        0  w25q64.o(i.W25QXX_Erase_chip)
    i.W25QXX_Page_Program                    0x08003d14   Section        0  w25q64.o(i.W25QXX_Page_Program)
    i.W25QXX_Read                            0x08003d70   Section        0  w25q64.o(i.W25QXX_Read)
    i.W25QXX_Wait_Busy                       0x08003de0   Section        0  w25q64.o(i.W25QXX_Wait_Busy)
    W25QXX_Wait_Busy                         0x08003de1   Thumb Code    82  w25q64.o(i.W25QXX_Wait_Busy)
    i.W25QXX_Write_Enable                    0x08003e38   Section        0  w25q64.o(i.W25QXX_Write_Enable)
    i.__ARM_fpclassify                       0x08003e68   Section        0  fpclassify.o(i.__ARM_fpclassify)
    i.__NVIC_SetPriority                     0x08003e90   Section        0  stm32f1xx_hal_cortex.o(i.__NVIC_SetPriority)
    __NVIC_SetPriority                       0x08003e91   Thumb Code    32  stm32f1xx_hal_cortex.o(i.__NVIC_SetPriority)
    i._is_digit                              0x08003eb0   Section        0  __printf_wp.o(i._is_digit)
    i.main                                   0x08003ec0   Section        0  main.o(i.main)
    i.round                                  0x08003f24   Section        0  round.o(i.round)
    locale$$code                             0x08003fb8   Section       44  lc_numeric_c.o(locale$$code)
    x$fpl$d2f                                0x08003fe4   Section       98  d2f.o(x$fpl$d2f)
    x$fpl$dadd                               0x08004048   Section      336  daddsub_clz.o(x$fpl$dadd)
    _dadd1                                   0x08004059   Thumb Code     0  daddsub_clz.o(x$fpl$dadd)
    x$fpl$dcmpinf                            0x08004198   Section       24  dcmpi.o(x$fpl$dcmpinf)
    x$fpl$ddiv                               0x080041b0   Section      688  ddiv.o(x$fpl$ddiv)
    ddiv_entry                               0x080041b7   Thumb Code     0  ddiv.o(x$fpl$ddiv)
    x$fpl$dfix                               0x08004460   Section       94  dfix.o(x$fpl$dfix)
    x$fpl$dfltu                              0x080044be   Section       38  dflt_clz.o(x$fpl$dfltu)
    x$fpl$dleqf                              0x080044e4   Section      120  dleqf.o(x$fpl$dleqf)
    x$fpl$dnaninf                            0x0800455c   Section      156  dnaninf.o(x$fpl$dnaninf)
    x$fpl$dretinf                            0x080045f8   Section       12  dretinf.o(x$fpl$dretinf)
    x$fpl$drleqf                             0x08004604   Section      108  drleqf.o(x$fpl$drleqf)
    x$fpl$drnd                               0x08004670   Section      180  drnd.o(x$fpl$drnd)
    x$fpl$drsb                               0x08004724   Section       22  daddsub_clz.o(x$fpl$drsb)
    x$fpl$dsub                               0x0800473c   Section      468  daddsub_clz.o(x$fpl$dsub)
    _dsub1                                   0x0800474d   Thumb Code     0  daddsub_clz.o(x$fpl$dsub)
    x$fpl$f2d                                0x08004910   Section       86  f2d.o(x$fpl$f2d)
    x$fpl$ffltu                              0x08004968   Section       38  fflt_clz.o(x$fpl$ffltu)
    x$fpl$fnaninf                            0x0800498e   Section      140  fnaninf.o(x$fpl$fnaninf)
    x$fpl$fretinf                            0x08004a1a   Section       10  fretinf.o(x$fpl$fretinf)
    x$fpl$printf1                            0x08004a24   Section        4  printf1.o(x$fpl$printf1)
    .constdata                               0x08004a28   Section       18  stm32f1xx_hal_rcc.o(.constdata)
    x$fpl$usenofp                            0x08004a28   Section        0  usenofp.o(x$fpl$usenofp)
    aPredivFactorTable                       0x08004a28   Data           2  stm32f1xx_hal_rcc.o(.constdata)
    aPLLMULFactorTable                       0x08004a2a   Data          16  stm32f1xx_hal_rcc.o(.constdata)
    .constdata                               0x08004a3a   Section       16  system_stm32f1xx.o(.constdata)
    .constdata                               0x08004a4a   Section        8  system_stm32f1xx.o(.constdata)
    .constdata                               0x08004a52   Section     1520  font.o(.constdata)
    .constdata                               0x08005044   Section        8  font.o(.constdata)
    .constdata                               0x0800504c   Section      148  bigflt0.o(.constdata)
    tenpwrs_x                                0x0800504c   Data          60  bigflt0.o(.constdata)
    tenpwrs_i                                0x08005088   Data          64  bigflt0.o(.constdata)
    locale$$data                             0x08005100   Section       28  lc_numeric_c.o(locale$$data)
    __lcnum_c_name                           0x08005104   Data           2  lc_numeric_c.o(locale$$data)
    __lcnum_c_start                          0x0800510c   Data           0  lc_numeric_c.o(locale$$data)
    __lcnum_c_point                          0x08005118   Data           0  lc_numeric_c.o(locale$$data)
    __lcnum_c_thousands                      0x0800511a   Data           0  lc_numeric_c.o(locale$$data)
    __lcnum_c_grouping                       0x0800511b   Data           0  lc_numeric_c.o(locale$$data)
    __lcnum_c_end                            0x0800511c   Data           0  lc_numeric_c.o(locale$$data)
    .data                                    0x20000000   Section       12  stm32f1xx_hal.o(.data)
    .data                                    0x2000000c   Section        4  system_stm32f1xx.o(.data)
    .data                                    0x20000010   Section        2  oled.o(.data)
    temp                                     0x20000010   Data           1  oled.o(.data)
    temp                                     0x20000011   Data           1  oled.o(.data)
    .bss                                     0x20000014   Section      258  main.o(.bss)
    .bss                                     0x20000118   Section       84  i2c.o(.bss)
    .bss                                     0x2000016c   Section       88  spi.o(.bss)
    .bss                                     0x200001c4   Section      208  usart.o(.bss)
    .bss                                     0x20000294   Section     1024  oled.o(.bss)
    .bss                                     0x20000694   Section       96  libspace.o(.bss)
    HEAP                                     0x200006f8   Section      512  startup_stm32f103xb.o(HEAP)
    Heap_Mem                                 0x200006f8   Data         512  startup_stm32f103xb.o(HEAP)
    STACK                                    0x200008f8   Section     1024  startup_stm32f103xb.o(STACK)
    Stack_Mem                                0x200008f8   Data        1024  startup_stm32f103xb.o(STACK)
    __initial_sp                             0x20000cf8   Data           0  startup_stm32f103xb.o(STACK)

    Global Symbols

    Symbol Name                              Value     Ov Type        Size  Object(Section)

    BuildAttributes$$THM_ISAv4$P$D$K$B$S$PE$A:L22UL41UL21$X:L11$S22US41US21$IEEE1$IW$USESV6$~STKCKD$USESV7$~SHL$OTIME$ROPI$IEEEJ$EBA8$UX$STANDARDLIB$REQ8$PRES8$EABIv2 0x00000000   Number         0  anon$$obj.o ABSOLUTE
    __ARM_use_no_argv                        0x00000000   Number         0  main.o ABSOLUTE
    _printf_flags                            0x00000000   Number         0  printf_stubs.o ABSOLUTE
    _printf_return_value                     0x00000000   Number         0  printf_stubs.o ABSOLUTE
    _printf_sizespec                         0x00000000   Number         0  printf_stubs.o ABSOLUTE
    _printf_widthprec                        0x00000000   Number         0  printf_stubs.o ABSOLUTE
    __ARM_exceptions_init                     - Undefined Weak Reference
    __alloca_initialize                       - Undefined Weak Reference
    __arm_fini_                               - Undefined Weak Reference
    __arm_preinit_                            - Undefined Weak Reference
    __cpp_initialize__aeabi_                  - Undefined Weak Reference
    __cxa_finalize                            - Undefined Weak Reference
    __sigvec_lookup                           - Undefined Weak Reference
    _atexit_init                              - Undefined Weak Reference
    _call_atexit_fns                          - Undefined Weak Reference
    _clock_init                               - Undefined Weak Reference
    _fp_trap_init                             - Undefined Weak Reference
    _fp_trap_shutdown                         - Undefined Weak Reference
    _get_lc_collate                           - Undefined Weak Reference
    _get_lc_ctype                             - Undefined Weak Reference
    _get_lc_monetary                          - Undefined Weak Reference
    _get_lc_time                              - Undefined Weak Reference
    _getenv_init                              - Undefined Weak Reference
    _handle_redirection                       - Undefined Weak Reference
    _init_alloc                               - Undefined Weak Reference
    _init_user_alloc                          - Undefined Weak Reference
    _initio                                   - Undefined Weak Reference
    _printf_post_padding                      - Undefined Weak Reference
    _printf_pre_padding                       - Undefined Weak Reference
    _printf_truncate_signed                   - Undefined Weak Reference
    _printf_truncate_unsigned                 - Undefined Weak Reference
    _rand_init                                - Undefined Weak Reference
    _signal_finish                            - Undefined Weak Reference
    _signal_init                              - Undefined Weak Reference
    _terminate_alloc                          - Undefined Weak Reference
    _terminate_user_alloc                     - Undefined Weak Reference
    _terminateio                              - Undefined Weak Reference
    __Vectors_Size                           0x000000ec   Number         0  startup_stm32f103xb.o ABSOLUTE
    __Vectors                                0x08000000   Data           4  startup_stm32f103xb.o(RESET)
    __Vectors_End                            0x080000ec   Data           0  startup_stm32f103xb.o(RESET)
    __main                                   0x080000ed   Thumb Code     8  __main.o(!!!main)
    __scatterload                            0x080000f5   Thumb Code     0  __scatter.o(!!!scatter)
    __scatterload_rt2                        0x080000f5   Thumb Code    44  __scatter.o(!!!scatter)
    __scatterload_rt2_thumb_only             0x080000f5   Thumb Code     0  __scatter.o(!!!scatter)
    __scatterload_null                       0x08000103   Thumb Code     0  __scatter.o(!!!scatter)
    __scatterload_copy                       0x08000129   Thumb Code    26  __scatter_copy.o(!!handler_copy)
    __scatterload_zeroinit                   0x08000145   Thumb Code    28  __scatter_zi.o(!!handler_zi)
    _printf_f                                0x08000161   Thumb Code     0  _printf_f.o(.ARM.Collect$$_printf_percent$$00000003)
    _printf_percent                          0x08000161   Thumb Code     0  _printf_percent.o(.ARM.Collect$$_printf_percent$$00000000)
    _printf_d                                0x08000167   Thumb Code     0  _printf_d.o(.ARM.Collect$$_printf_percent$$00000009)
    _printf_percent_end                      0x0800016d   Thumb Code     0  _printf_percent_end.o(.ARM.Collect$$_printf_percent$$00000017)
    __rt_lib_init                            0x08000171   Thumb Code     0  libinit.o(.ARM.Collect$$libinit$$00000000)
    __rt_lib_init_fp_1                       0x08000173   Thumb Code     0  libinit2.o(.ARM.Collect$$libinit$$00000002)
    __rt_lib_init_heap_1                     0x08000173   Thumb Code     0  libinit2.o(.ARM.Collect$$libinit$$0000000A)
    __rt_lib_init_lc_common                  0x08000173   Thumb Code     0  libinit2.o(.ARM.Collect$$libinit$$0000000F)
    __rt_lib_init_preinit_1                  0x08000173   Thumb Code     0  libinit2.o(.ARM.Collect$$libinit$$00000004)
    __rt_lib_init_rand_1                     0x08000173   Thumb Code     0  libinit2.o(.ARM.Collect$$libinit$$0000000E)
    __rt_lib_init_user_alloc_1               0x08000173   Thumb Code     0  libinit2.o(.ARM.Collect$$libinit$$0000000C)
    __rt_lib_init_lc_collate_1               0x08000179   Thumb Code     0  libinit2.o(.ARM.Collect$$libinit$$00000011)
    __rt_lib_init_lc_ctype_1                 0x08000179   Thumb Code     0  libinit2.o(.ARM.Collect$$libinit$$00000013)
    __rt_lib_init_lc_monetary_1              0x08000179   Thumb Code     0  libinit2.o(.ARM.Collect$$libinit$$00000015)
    __rt_lib_init_lc_numeric_2               0x08000179   Thumb Code     0  libinit2.o(.ARM.Collect$$libinit$$00000016)
    __rt_lib_init_alloca_1                   0x08000183   Thumb Code     0  libinit2.o(.ARM.Collect$$libinit$$0000002E)
    __rt_lib_init_argv_1                     0x08000183   Thumb Code     0  libinit2.o(.ARM.Collect$$libinit$$0000002C)
    __rt_lib_init_atexit_1                   0x08000183   Thumb Code     0  libinit2.o(.ARM.Collect$$libinit$$0000001B)
    __rt_lib_init_clock_1                    0x08000183   Thumb Code     0  libinit2.o(.ARM.Collect$$libinit$$00000021)
    __rt_lib_init_cpp_1                      0x08000183   Thumb Code     0  libinit2.o(.ARM.Collect$$libinit$$00000032)
    __rt_lib_init_exceptions_1               0x08000183   Thumb Code     0  libinit2.o(.ARM.Collect$$libinit$$00000030)
    __rt_lib_init_fp_trap_1                  0x08000183   Thumb Code     0  libinit2.o(.ARM.Collect$$libinit$$0000001F)
    __rt_lib_init_getenv_1                   0x08000183   Thumb Code     0  libinit2.o(.ARM.Collect$$libinit$$00000023)
    __rt_lib_init_lc_numeric_1               0x08000183   Thumb Code     0  libinit2.o(.ARM.Collect$$libinit$$00000017)
    __rt_lib_init_lc_time_1                  0x08000183   Thumb Code     0  libinit2.o(.ARM.Collect$$libinit$$00000019)
    __rt_lib_init_return                     0x08000183   Thumb Code     0  libinit2.o(.ARM.Collect$$libinit$$00000033)
    __rt_lib_init_signal_1                   0x08000183   Thumb Code     0  libinit2.o(.ARM.Collect$$libinit$$0000001D)
    __rt_lib_init_stdio_1                    0x08000183   Thumb Code     0  libinit2.o(.ARM.Collect$$libinit$$00000025)
    __rt_lib_shutdown                        0x08000185   Thumb Code     0  libshutdown.o(.ARM.Collect$$libshutdown$$00000000)
    __rt_lib_shutdown_cpp_1                  0x08000187   Thumb Code     0  libshutdown2.o(.ARM.Collect$$libshutdown$$00000004)
    __rt_lib_shutdown_fini_1                 0x08000187   Thumb Code     0  libshutdown2.o(.ARM.Collect$$libshutdown$$00000002)
    __rt_lib_shutdown_fp_trap_1              0x08000187   Thumb Code     0  libshutdown2.o(.ARM.Collect$$libshutdown$$00000009)
    __rt_lib_shutdown_heap_1                 0x08000187   Thumb Code     0  libshutdown2.o(.ARM.Collect$$libshutdown$$00000011)
    __rt_lib_shutdown_return                 0x08000187   Thumb Code     0  libshutdown2.o(.ARM.Collect$$libshutdown$$00000012)
    __rt_lib_shutdown_signal_1               0x08000187   Thumb Code     0  libshutdown2.o(.ARM.Collect$$libshutdown$$0000000C)
    __rt_lib_shutdown_stdio_1                0x08000187   Thumb Code     0  libshutdown2.o(.ARM.Collect$$libshutdown$$00000006)
    __rt_lib_shutdown_user_alloc_1           0x08000187   Thumb Code     0  libshutdown2.o(.ARM.Collect$$libshutdown$$0000000E)
    __rt_entry                               0x08000189   Thumb Code     0  __rtentry.o(.ARM.Collect$$rtentry$$00000000)
    __rt_entry_presh_1                       0x08000189   Thumb Code     0  __rtentry2.o(.ARM.Collect$$rtentry$$00000002)
    __rt_entry_sh                            0x08000189   Thumb Code     0  __rtentry4.o(.ARM.Collect$$rtentry$$00000004)
    __rt_entry_li                            0x0800018f   Thumb Code     0  __rtentry2.o(.ARM.Collect$$rtentry$$0000000A)
    __rt_entry_postsh_1                      0x0800018f   Thumb Code     0  __rtentry2.o(.ARM.Collect$$rtentry$$00000009)
    __rt_entry_main                          0x08000193   Thumb Code     0  __rtentry2.o(.ARM.Collect$$rtentry$$0000000D)
    __rt_entry_postli_1                      0x08000193   Thumb Code     0  __rtentry2.o(.ARM.Collect$$rtentry$$0000000C)
    __rt_exit                                0x0800019b   Thumb Code     0  rtexit.o(.ARM.Collect$$rtexit$$00000000)
    __rt_exit_ls                             0x0800019d   Thumb Code     0  rtexit2.o(.ARM.Collect$$rtexit$$00000003)
    __rt_exit_prels_1                        0x0800019d   Thumb Code     0  rtexit2.o(.ARM.Collect$$rtexit$$00000002)
    __rt_exit_exit                           0x080001a1   Thumb Code     0  rtexit2.o(.ARM.Collect$$rtexit$$00000004)
    Reset_Handler                            0x080001a9   Thumb Code     8  startup_stm32f103xb.o(.text)
    ADC1_2_IRQHandler                        0x080001c3   Thumb Code     0  startup_stm32f103xb.o(.text)
    CAN1_RX1_IRQHandler                      0x080001c3   Thumb Code     0  startup_stm32f103xb.o(.text)
    CAN1_SCE_IRQHandler                      0x080001c3   Thumb Code     0  startup_stm32f103xb.o(.text)
    DMA1_Channel1_IRQHandler                 0x080001c3   Thumb Code     0  startup_stm32f103xb.o(.text)
    DMA1_Channel2_IRQHandler                 0x080001c3   Thumb Code     0  startup_stm32f103xb.o(.text)
    DMA1_Channel3_IRQHandler                 0x080001c3   Thumb Code     0  startup_stm32f103xb.o(.text)
    DMA1_Channel4_IRQHandler                 0x080001c3   Thumb Code     0  startup_stm32f103xb.o(.text)
    DMA1_Channel5_IRQHandler                 0x080001c3   Thumb Code     0  startup_stm32f103xb.o(.text)
    EXTI0_IRQHandler                         0x080001c3   Thumb Code     0  startup_stm32f103xb.o(.text)
    EXTI15_10_IRQHandler                     0x080001c3   Thumb Code     0  startup_stm32f103xb.o(.text)
    EXTI1_IRQHandler                         0x080001c3   Thumb Code     0  startup_stm32f103xb.o(.text)
    EXTI2_IRQHandler                         0x080001c3   Thumb Code     0  startup_stm32f103xb.o(.text)
    EXTI3_IRQHandler                         0x080001c3   Thumb Code     0  startup_stm32f103xb.o(.text)
    EXTI4_IRQHandler                         0x080001c3   Thumb Code     0  startup_stm32f103xb.o(.text)
    EXTI9_5_IRQHandler                       0x080001c3   Thumb Code     0  startup_stm32f103xb.o(.text)
    FLASH_IRQHandler                         0x080001c3   Thumb Code     0  startup_stm32f103xb.o(.text)
    I2C1_ER_IRQHandler                       0x080001c3   Thumb Code     0  startup_stm32f103xb.o(.text)
    I2C1_EV_IRQHandler                       0x080001c3   Thumb Code     0  startup_stm32f103xb.o(.text)
    I2C2_ER_IRQHandler                       0x080001c3   Thumb Code     0  startup_stm32f103xb.o(.text)
    I2C2_EV_IRQHandler                       0x080001c3   Thumb Code     0  startup_stm32f103xb.o(.text)
    PVD_IRQHandler                           0x080001c3   Thumb Code     0  startup_stm32f103xb.o(.text)
    RCC_IRQHandler                           0x080001c3   Thumb Code     0  startup_stm32f103xb.o(.text)
    RTC_Alarm_IRQHandler                     0x080001c3   Thumb Code     0  startup_stm32f103xb.o(.text)
    RTC_IRQHandler                           0x080001c3   Thumb Code     0  startup_stm32f103xb.o(.text)
    SPI1_IRQHandler                          0x080001c3   Thumb Code     0  startup_stm32f103xb.o(.text)
    SPI2_IRQHandler                          0x080001c3   Thumb Code     0  startup_stm32f103xb.o(.text)
    TAMPER_IRQHandler                        0x080001c3   Thumb Code     0  startup_stm32f103xb.o(.text)
    TIM1_BRK_IRQHandler                      0x080001c3   Thumb Code     0  startup_stm32f103xb.o(.text)
    TIM1_CC_IRQHandler                       0x080001c3   Thumb Code     0  startup_stm32f103xb.o(.text)
    TIM1_TRG_COM_IRQHandler                  0x080001c3   Thumb Code     0  startup_stm32f103xb.o(.text)
    TIM1_UP_IRQHandler                       0x080001c3   Thumb Code     0  startup_stm32f103xb.o(.text)
    TIM2_IRQHandler                          0x080001c3   Thumb Code     0  startup_stm32f103xb.o(.text)
    TIM3_IRQHandler                          0x080001c3   Thumb Code     0  startup_stm32f103xb.o(.text)
    TIM4_IRQHandler                          0x080001c3   Thumb Code     0  startup_stm32f103xb.o(.text)
    USART1_IRQHandler                        0x080001c3   Thumb Code     0  startup_stm32f103xb.o(.text)
    USART3_IRQHandler                        0x080001c3   Thumb Code     0  startup_stm32f103xb.o(.text)
    USBWakeUp_IRQHandler                     0x080001c3   Thumb Code     0  startup_stm32f103xb.o(.text)
    USB_HP_CAN1_TX_IRQHandler                0x080001c3   Thumb Code     0  startup_stm32f103xb.o(.text)
    USB_LP_CAN1_RX0_IRQHandler               0x080001c3   Thumb Code     0  startup_stm32f103xb.o(.text)
    WWDG_IRQHandler                          0x080001c3   Thumb Code     0  startup_stm32f103xb.o(.text)
    __user_initial_stackheap                 0x080001c5   Thumb Code     0  startup_stm32f103xb.o(.text)
    __2sprintf                               0x080001e9   Thumb Code    34  noretval__2sprintf.o(.text)
    _printf_int_dec                          0x08000211   Thumb Code   104  _printf_dec.o(.text)
    __printf                                 0x08000289   Thumb Code   270  __printf_wp.o(.text)
    __aeabi_memclr                           0x08000397   Thumb Code     0  rt_memclr.o(.text)
    __rt_memclr                              0x08000397   Thumb Code    68  rt_memclr.o(.text)
    _memset                                  0x0800039b   Thumb Code     0  rt_memclr.o(.text)
    __aeabi_memclr4                          0x080003db   Thumb Code     0  rt_memclr_w.o(.text)
    __aeabi_memclr8                          0x080003db   Thumb Code     0  rt_memclr_w.o(.text)
    __rt_memclr_w                            0x080003db   Thumb Code    78  rt_memclr_w.o(.text)
    _memset_w                                0x080003df   Thumb Code     0  rt_memclr_w.o(.text)
    __use_two_region_memory                  0x08000429   Thumb Code     2  heapauxi.o(.text)
    __rt_heap_escrow$2region                 0x0800042b   Thumb Code     2  heapauxi.o(.text)
    __rt_heap_expand$2region                 0x0800042d   Thumb Code     2  heapauxi.o(.text)
    _printf_int_common                       0x0800042f   Thumb Code   178  _printf_intcommon.o(.text)
    __lib_sel_fp_printf                      0x080004e1   Thumb Code     2  _printf_fp_dec.o(.text)
    _printf_fp_dec_real                      0x08000693   Thumb Code   620  _printf_fp_dec.o(.text)
    _printf_char_common                      0x0800090b   Thumb Code    32  _printf_char_common.o(.text)
    _sputc                                   0x08000931   Thumb Code    10  _sputc.o(.text)
    __rt_locale                              0x0800093d   Thumb Code     8  rt_locale_intlibspace.o(.text)
    _ll_udiv10                               0x08000945   Thumb Code   138  lludiv10.o(.text)
    _printf_fp_infnan                        0x080009d1   Thumb Code   112  _printf_fp_infnan.o(.text)
    _btod_etento                             0x08000a51   Thumb Code   224  bigflt0.o(.text)
    __user_libspace                          0x08000b35   Thumb Code     8  libspace.o(.text)
    __user_perproc_libspace                  0x08000b35   Thumb Code     0  libspace.o(.text)
    __user_perthread_libspace                0x08000b35   Thumb Code     0  libspace.o(.text)
    __user_setup_stackheap                   0x08000b3d   Thumb Code    74  sys_stackheap_outer.o(.text)
    exit                                     0x08000b87   Thumb Code    18  exit.o(.text)
    strcmp                                   0x08000b99   Thumb Code   128  strcmpv7m.o(.text)
    _sys_exit                                0x08000c19   Thumb Code     8  sys_exit.o(.text)
    __I$use$semihosting                      0x08000c25   Thumb Code     0  use_no_semi.o(.text)
    __use_no_semihosting_swi                 0x08000c25   Thumb Code     2  use_no_semi.o(.text)
    __semihosting_library_function           0x08000c27   Thumb Code     0  indicate_semi.o(.text)
    _btod_d2e                                0x08000c27   Thumb Code    62  btod.o(CL$$btod_d2e)
    _d2e_denorm_low                          0x08000c65   Thumb Code    70  btod.o(CL$$btod_d2e_denorm_low)
    _d2e_norm_op1                            0x08000cab   Thumb Code    96  btod.o(CL$$btod_d2e_norm_op1)
    __btod_div_common                        0x08000d0b   Thumb Code   696  btod.o(CL$$btod_div_common)
    _e2e                                     0x08001043   Thumb Code   220  btod.o(CL$$btod_e2e)
    _btod_ediv                               0x0800111f   Thumb Code    42  btod.o(CL$$btod_ediv)
    _btod_emul                               0x08001149   Thumb Code    42  btod.o(CL$$btod_emul)
    __btod_mult_common                       0x08001173   Thumb Code   580  btod.o(CL$$btod_mult_common)
    BusFault_Handler                         0x080013b7   Thumb Code     2  stm32f1xx_it.o(i.BusFault_Handler)
    DMA1_Channel6_IRQHandler                 0x080013b9   Thumb Code     6  stm32f1xx_it.o(i.DMA1_Channel6_IRQHandler)
    DMA1_Channel7_IRQHandler                 0x080013c5   Thumb Code     6  stm32f1xx_it.o(i.DMA1_Channel7_IRQHandler)
    DebugMon_Handler                         0x080013fb   Thumb Code     2  stm32f1xx_it.o(i.DebugMon_Handler)
    Error_Handler                            0x080013fd   Thumb Code     4  main.o(i.Error_Handler)
    HAL_DMA_Abort                            0x08001401   Thumb Code    70  stm32f1xx_hal_dma.o(i.HAL_DMA_Abort)
    HAL_DMA_Abort_IT                         0x08001449   Thumb Code   148  stm32f1xx_hal_dma.o(i.HAL_DMA_Abort_IT)
    HAL_DMA_IRQHandler                       0x080014e1   Thumb Code   316  stm32f1xx_hal_dma.o(i.HAL_DMA_IRQHandler)
    HAL_DMA_Init                             0x08001635   Thumb Code    84  stm32f1xx_hal_dma.o(i.HAL_DMA_Init)
    HAL_DMA_Start_IT                         0x08001691   Thumb Code   112  stm32f1xx_hal_dma.o(i.HAL_DMA_Start_IT)
    HAL_Delay                                0x08001701   Thumb Code    32  stm32f1xx_hal.o(i.HAL_Delay)
    HAL_GPIO_Init                            0x08001725   Thumb Code   446  stm32f1xx_hal_gpio.o(i.HAL_GPIO_Init)
    HAL_GPIO_WritePin                        0x08001905   Thumb Code    10  stm32f1xx_hal_gpio.o(i.HAL_GPIO_WritePin)
    HAL_GetTick                              0x08001911   Thumb Code     6  stm32f1xx_hal.o(i.HAL_GetTick)
    HAL_I2C_Init                             0x0800191d   Thumb Code   376  stm32f1xx_hal_i2c.o(i.HAL_I2C_Init)
    HAL_I2C_Master_Transmit                  0x08001aa5   Thumb Code   290  stm32f1xx_hal_i2c.o(i.HAL_I2C_Master_Transmit)
    HAL_I2C_MspInit                          0x08001bd1   Thumb Code    96  i2c.o(i.HAL_I2C_MspInit)
    HAL_IncTick                              0x08001c41   Thumb Code    12  stm32f1xx_hal.o(i.HAL_IncTick)
    HAL_Init                                 0x08001c51   Thumb Code    32  stm32f1xx_hal.o(i.HAL_Init)
    HAL_InitTick                             0x08001c75   Thumb Code    54  stm32f1xx_hal.o(i.HAL_InitTick)
    HAL_MspInit                              0x08001cb5   Thumb Code    52  stm32f1xx_hal_msp.o(i.HAL_MspInit)
    HAL_NVIC_EnableIRQ                       0x08001cf1   Thumb Code    26  stm32f1xx_hal_cortex.o(i.HAL_NVIC_EnableIRQ)
    HAL_NVIC_SetPriority                     0x08001d0d   Thumb Code    60  stm32f1xx_hal_cortex.o(i.HAL_NVIC_SetPriority)
    HAL_NVIC_SetPriorityGrouping             0x08001d4d   Thumb Code    26  stm32f1xx_hal_cortex.o(i.HAL_NVIC_SetPriorityGrouping)
    HAL_RCC_ClockConfig                      0x08001d71   Thumb Code   280  stm32f1xx_hal_rcc.o(i.HAL_RCC_ClockConfig)
    HAL_RCC_GetPCLK1Freq                     0x08001e9d   Thumb Code    20  stm32f1xx_hal_rcc.o(i.HAL_RCC_GetPCLK1Freq)
    HAL_RCC_GetPCLK2Freq                     0x08001ebd   Thumb Code    20  stm32f1xx_hal_rcc.o(i.HAL_RCC_GetPCLK2Freq)
    HAL_RCC_GetSysClockFreq                  0x08001edd   Thumb Code    58  stm32f1xx_hal_rcc.o(i.HAL_RCC_GetSysClockFreq)
    HAL_RCC_OscConfig                        0x08001f29   Thumb Code   778  stm32f1xx_hal_rcc.o(i.HAL_RCC_OscConfig)
    HAL_SPI_Init                             0x08002249   Thumb Code   178  stm32f1xx_hal_spi.o(i.HAL_SPI_Init)
    HAL_SPI_MspInit                          0x080022fd   Thumb Code    98  spi.o(i.HAL_SPI_MspInit)
    HAL_SPI_Receive                          0x0800236d   Thumb Code   340  stm32f1xx_hal_spi.o(i.HAL_SPI_Receive)
    HAL_SPI_Transmit                         0x080024c1   Thumb Code   358  stm32f1xx_hal_spi.o(i.HAL_SPI_Transmit)
    HAL_SPI_TransmitReceive                  0x08002627   Thumb Code   496  stm32f1xx_hal_spi.o(i.HAL_SPI_TransmitReceive)
    HAL_SYSTICK_Config                       0x08002817   Thumb Code    40  stm32f1xx_hal_cortex.o(i.HAL_SYSTICK_Config)
    HAL_UARTEx_ReceiveToIdle_DMA             0x0800283f   Thumb Code    74  stm32f1xx_hal_uart.o(i.HAL_UARTEx_ReceiveToIdle_DMA)
    HAL_UARTEx_RxEventCallback               0x08002889   Thumb Code   194  main.o(i.HAL_UARTEx_RxEventCallback)
    HAL_UART_ErrorCallback                   0x0800296d   Thumb Code     2  stm32f1xx_hal_uart.o(i.HAL_UART_ErrorCallback)
    HAL_UART_IRQHandler                      0x08002971   Thumb Code   616  stm32f1xx_hal_uart.o(i.HAL_UART_IRQHandler)
    HAL_UART_Init                            0x08002bdd   Thumb Code   100  stm32f1xx_hal_uart.o(i.HAL_UART_Init)
    HAL_UART_MspInit                         0x08002c41   Thumb Code   196  usart.o(i.HAL_UART_MspInit)
    HAL_UART_RxCpltCallback                  0x08002d19   Thumb Code     2  stm32f1xx_hal_uart.o(i.HAL_UART_RxCpltCallback)
    HAL_UART_RxHalfCpltCallback              0x08002d1b   Thumb Code     2  stm32f1xx_hal_uart.o(i.HAL_UART_RxHalfCpltCallback)
    HAL_UART_Transmit                        0x08002d1d   Thumb Code   160  stm32f1xx_hal_uart.o(i.HAL_UART_Transmit)
    HAL_UART_TxCpltCallback                  0x08002dbd   Thumb Code     2  stm32f1xx_hal_uart.o(i.HAL_UART_TxCpltCallback)
    HardFault_Handler                        0x08002dbf   Thumb Code     2  stm32f1xx_it.o(i.HardFault_Handler)
    MX_DMA_Init                              0x08003089   Thumb Code    56  dma.o(i.MX_DMA_Init)
    MX_GPIO_Init                             0x080030c5   Thumb Code   170  gpio.o(i.MX_GPIO_Init)
    MX_I2C1_Init                             0x08003181   Thumb Code    50  i2c.o(i.MX_I2C1_Init)
    MX_SPI1_Init                             0x080031c1   Thumb Code    62  spi.o(i.MX_SPI1_Init)
    MX_USART2_UART_Init                      0x08003209   Thumb Code    48  usart.o(i.MX_USART2_UART_Init)
    MemManage_Handler                        0x08003241   Thumb Code     2  stm32f1xx_it.o(i.MemManage_Handler)
    NMI_Handler                              0x08003243   Thumb Code     2  stm32f1xx_it.o(i.NMI_Handler)
    OLED_Clear                               0x08003245   Thumb Code    10  oled.o(i.OLED_Clear)
    OLED_DisplayFilledRectangle              0x08003255   Thumb Code    50  oled.o(i.OLED_DisplayFilledRectangle)
    OLED_DisplayLine                         0x08003289   Thumb Code   254  oled.o(i.OLED_DisplayLine)
    OLED_DisplayPixel                        0x0800338d   Thumb Code    42  oled.o(i.OLED_DisplayPixel)
    OLED_DisplayRectangle                    0x080033bd   Thumb Code    72  oled.o(i.OLED_DisplayRectangle)
    OLED_Init                                0x08003405   Thumb Code   188  oled.o(i.OLED_Init)
    OLED_PrintASCIIChar                      0x080034c1   Thumb Code    32  oled.o(i.OLED_PrintASCIIChar)
    OLED_PrintASCIIString                    0x080034e1   Thumb Code    46  oled.o(i.OLED_PrintASCIIString)
    OLED_SendCmd                             0x08003511   Thumb Code    30  oled.o(i.OLED_SendCmd)
    OLED_SetBits                             0x08003535   Thumb Code    72  oled.o(i.OLED_SetBits)
    OLED_SetBits_Fine                        0x0800357d   Thumb Code   104  oled.o(i.OLED_SetBits_Fine)
    OLED_SetBlock                            0x080035e5   Thumb Code   136  oled.o(i.OLED_SetBlock)
    OLED_SetByte_Fine                        0x0800366d   Thumb Code    64  oled.o(i.OLED_SetByte_Fine)
    OLED_Show                                0x080036b5   Thumb Code    86  oled.o(i.OLED_Show)
    PendSV_Handler                           0x08003715   Thumb Code     2  stm32f1xx_it.o(i.PendSV_Handler)
    SVC_Handler                              0x08003881   Thumb Code     2  stm32f1xx_it.o(i.SVC_Handler)
    SysTick_Handler                          0x08003883   Thumb Code     4  stm32f1xx_it.o(i.SysTick_Handler)
    SystemClock_Config                       0x08003887   Thumb Code    94  main.o(i.SystemClock_Config)
    SystemInit                               0x080038e5   Thumb Code     2  system_stm32f1xx.o(i.SystemInit)
    UART_Start_Receive_DMA                   0x08003bc9   Thumb Code   130  stm32f1xx_hal_uart.o(i.UART_Start_Receive_DMA)
    USART2_IRQHandler                        0x08003ccd   Thumb Code     6  stm32f1xx_it.o(i.USART2_IRQHandler)
    UsageFault_Handler                       0x08003cd9   Thumb Code     2  stm32f1xx_it.o(i.UsageFault_Handler)
    W25QXX_Erase_chip                        0x08003cdd   Thumb Code    52  w25q64.o(i.W25QXX_Erase_chip)
    W25QXX_Page_Program                      0x08003d15   Thumb Code    86  w25q64.o(i.W25QXX_Page_Program)
    W25QXX_Read                              0x08003d71   Thumb Code   106  w25q64.o(i.W25QXX_Read)
    W25QXX_Write_Enable                      0x08003e39   Thumb Code    44  w25q64.o(i.W25QXX_Write_Enable)
    __ARM_fpclassify                         0x08003e69   Thumb Code    40  fpclassify.o(i.__ARM_fpclassify)
    _is_digit                                0x08003eb1   Thumb Code    14  __printf_wp.o(i._is_digit)
    main                                     0x08003ec1   Thumb Code    88  main.o(i.main)
    round                                    0x08003f25   Thumb Code   136  round.o(i.round)
    _get_lc_numeric                          0x08003fb9   Thumb Code    44  lc_numeric_c.o(locale$$code)
    __aeabi_d2f                              0x08003fe5   Thumb Code     0  d2f.o(x$fpl$d2f)
    _d2f                                     0x08003fe5   Thumb Code    98  d2f.o(x$fpl$d2f)
    __aeabi_dadd                             0x08004049   Thumb Code     0  daddsub_clz.o(x$fpl$dadd)
    _dadd                                    0x08004049   Thumb Code   332  daddsub_clz.o(x$fpl$dadd)
    __fpl_dcmp_Inf                           0x08004199   Thumb Code    24  dcmpi.o(x$fpl$dcmpinf)
    __aeabi_ddiv                             0x080041b1   Thumb Code     0  ddiv.o(x$fpl$ddiv)
    _ddiv                                    0x080041b1   Thumb Code   552  ddiv.o(x$fpl$ddiv)
    __aeabi_d2iz                             0x08004461   Thumb Code     0  dfix.o(x$fpl$dfix)
    _dfix                                    0x08004461   Thumb Code    94  dfix.o(x$fpl$dfix)
    __aeabi_ui2d                             0x080044bf   Thumb Code     0  dflt_clz.o(x$fpl$dfltu)
    _dfltu                                   0x080044bf   Thumb Code    38  dflt_clz.o(x$fpl$dfltu)
    __aeabi_cdcmple                          0x080044e5   Thumb Code     0  dleqf.o(x$fpl$dleqf)
    _dcmple                                  0x080044e5   Thumb Code   120  dleqf.o(x$fpl$dleqf)
    __fpl_dcmple_InfNaN                      0x08004547   Thumb Code     0  dleqf.o(x$fpl$dleqf)
    __fpl_dnaninf                            0x0800455d   Thumb Code   156  dnaninf.o(x$fpl$dnaninf)
    __fpl_dretinf                            0x080045f9   Thumb Code    12  dretinf.o(x$fpl$dretinf)
    __aeabi_cdrcmple                         0x08004605   Thumb Code     0  drleqf.o(x$fpl$drleqf)
    _drcmple                                 0x08004605   Thumb Code   108  drleqf.o(x$fpl$drleqf)
    _drnd                                    0x08004671   Thumb Code   180  drnd.o(x$fpl$drnd)
    __aeabi_drsub                            0x08004725   Thumb Code     0  daddsub_clz.o(x$fpl$drsb)
    _drsb                                    0x08004725   Thumb Code    22  daddsub_clz.o(x$fpl$drsb)
    __aeabi_dsub                             0x0800473d   Thumb Code     0  daddsub_clz.o(x$fpl$dsub)
    _dsub                                    0x0800473d   Thumb Code   464  daddsub_clz.o(x$fpl$dsub)
    __aeabi_f2d                              0x08004911   Thumb Code     0  f2d.o(x$fpl$f2d)
    _f2d                                     0x08004911   Thumb Code    86  f2d.o(x$fpl$f2d)
    __aeabi_ui2f                             0x08004969   Thumb Code     0  fflt_clz.o(x$fpl$ffltu)
    _ffltu                                   0x08004969   Thumb Code    38  fflt_clz.o(x$fpl$ffltu)
    __fpl_fnaninf                            0x0800498f   Thumb Code   140  fnaninf.o(x$fpl$fnaninf)
    __fpl_fretinf                            0x08004a1b   Thumb Code    10  fretinf.o(x$fpl$fretinf)
    _printf_fp_dec                           0x08004a25   Thumb Code     4  printf1.o(x$fpl$printf1)
    __I$use$fp                               0x08004a28   Number         0  usenofp.o(x$fpl$usenofp)
    AHBPrescTable                            0x08004a3a   Data          16  system_stm32f1xx.o(.constdata)
    APBPrescTable                            0x08004a4a   Data           8  system_stm32f1xx.o(.constdata)
    ascii_16x8                               0x08004a52   Data        1520  font.o(.constdata)
    afont16x8                                0x08005044   Data           8  font.o(.constdata)
    Region$$Table$$Base                      0x080050e0   Number         0  anon$$obj.o(Region$$Table)
    Region$$Table$$Limit                     0x08005100   Number         0  anon$$obj.o(Region$$Table)
    uwTickFreq                               0x20000000   Data           1  stm32f1xx_hal.o(.data)
    uwTickPrio                               0x20000004   Data           4  stm32f1xx_hal.o(.data)
    uwTick                                   0x20000008   Data           4  stm32f1xx_hal.o(.data)
    SystemCoreClock                          0x2000000c   Data           4  system_stm32f1xx.o(.data)
    massage                                  0x20000014   Data         258  main.o(.bss)
    hi2c1                                    0x20000118   Data          84  i2c.o(.bss)
    hspi1                                    0x2000016c   Data          88  spi.o(.bss)
    huart2                                   0x200001c4   Data          72  usart.o(.bss)
    hdma_usart2_rx                           0x2000020c   Data          68  usart.o(.bss)
    hdma_usart2_tx                           0x20000250   Data          68  usart.o(.bss)
    OLED_GRAM                                0x20000294   Data        1024  oled.o(.bss)
    __libspace_start                         0x20000694   Data          96  libspace.o(.bss)
    __temporary_stack_top$libspace           0x200006f4   Data           0  libspace.o(.bss)



==============================================================================

Memory Map of the image

  Image Entry point : 0x080000ed

  Load Region LR_IROM1 (Base: 0x08000000, Size: 0x00005130, Max: 0x00010000, ABSOLUTE)

    Execution Region ER_IROM1 (Exec base: 0x08000000, Load base: 0x08000000, Size: 0x0000511c, Max: 0x00010000, ABSOLUTE)

    Exec Addr    Load Addr    Size         Type   Attr      Idx    E Section Name        Object

    0x08000000   0x08000000   0x000000ec   Data   RO            3    RESET               startup_stm32f103xb.o
    0x080000ec   0x080000ec   0x00000008   Code   RO         3006  * !!!main             c_w.l(__main.o)
    0x080000f4   0x080000f4   0x00000034   Code   RO         3272    !!!scatter          c_w.l(__scatter.o)
    0x08000128   0x08000128   0x0000001a   Code   RO         3274    !!handler_copy      c_w.l(__scatter_copy.o)
    0x08000142   0x08000142   0x00000002   PAD
    0x08000144   0x08000144   0x0000001c   Code   RO         3276    !!handler_zi        c_w.l(__scatter_zi.o)
    0x08000160   0x08000160   0x00000000   Code   RO         2997    .ARM.Collect$$_printf_percent$$00000000  c_w.l(_printf_percent.o)
    0x08000160   0x08000160   0x00000006   Code   RO         2996    .ARM.Collect$$_printf_percent$$00000003  c_w.l(_printf_f.o)
    0x08000166   0x08000166   0x00000006   Code   RO         2995    .ARM.Collect$$_printf_percent$$00000009  c_w.l(_printf_d.o)
    0x0800016c   0x0800016c   0x00000004   Code   RO         3053    .ARM.Collect$$_printf_percent$$00000017  c_w.l(_printf_percent_end.o)
    0x08000170   0x08000170   0x00000002   Code   RO         3143    .ARM.Collect$$libinit$$00000000  c_w.l(libinit.o)
    0x08000172   0x08000172   0x00000000   Code   RO         3145    .ARM.Collect$$libinit$$00000002  c_w.l(libinit2.o)
    0x08000172   0x08000172   0x00000000   Code   RO         3147    .ARM.Collect$$libinit$$00000004  c_w.l(libinit2.o)
    0x08000172   0x08000172   0x00000000   Code   RO         3150    .ARM.Collect$$libinit$$0000000A  c_w.l(libinit2.o)
    0x08000172   0x08000172   0x00000000   Code   RO         3152    .ARM.Collect$$libinit$$0000000C  c_w.l(libinit2.o)
    0x08000172   0x08000172   0x00000000   Code   RO         3154    .ARM.Collect$$libinit$$0000000E  c_w.l(libinit2.o)
    0x08000172   0x08000172   0x00000006   Code   RO         3155    .ARM.Collect$$libinit$$0000000F  c_w.l(libinit2.o)
    0x08000178   0x08000178   0x00000000   Code   RO         3157    .ARM.Collect$$libinit$$00000011  c_w.l(libinit2.o)
    0x08000178   0x08000178   0x00000000   Code   RO         3159    .ARM.Collect$$libinit$$00000013  c_w.l(libinit2.o)
    0x08000178   0x08000178   0x00000000   Code   RO         3161    .ARM.Collect$$libinit$$00000015  c_w.l(libinit2.o)
    0x08000178   0x08000178   0x0000000a   Code   RO         3162    .ARM.Collect$$libinit$$00000016  c_w.l(libinit2.o)
    0x08000182   0x08000182   0x00000000   Code   RO         3163    .ARM.Collect$$libinit$$00000017  c_w.l(libinit2.o)
    0x08000182   0x08000182   0x00000000   Code   RO         3165    .ARM.Collect$$libinit$$00000019  c_w.l(libinit2.o)
    0x08000182   0x08000182   0x00000000   Code   RO         3167    .ARM.Collect$$libinit$$0000001B  c_w.l(libinit2.o)
    0x08000182   0x08000182   0x00000000   Code   RO         3169    .ARM.Collect$$libinit$$0000001D  c_w.l(libinit2.o)
    0x08000182   0x08000182   0x00000000   Code   RO         3171    .ARM.Collect$$libinit$$0000001F  c_w.l(libinit2.o)
    0x08000182   0x08000182   0x00000000   Code   RO         3173    .ARM.Collect$$libinit$$00000021  c_w.l(libinit2.o)
    0x08000182   0x08000182   0x00000000   Code   RO         3175    .ARM.Collect$$libinit$$00000023  c_w.l(libinit2.o)
    0x08000182   0x08000182   0x00000000   Code   RO         3177    .ARM.Collect$$libinit$$00000025  c_w.l(libinit2.o)
    0x08000182   0x08000182   0x00000000   Code   RO         3181    .ARM.Collect$$libinit$$0000002C  c_w.l(libinit2.o)
    0x08000182   0x08000182   0x00000000   Code   RO         3183    .ARM.Collect$$libinit$$0000002E  c_w.l(libinit2.o)
    0x08000182   0x08000182   0x00000000   Code   RO         3185    .ARM.Collect$$libinit$$00000030  c_w.l(libinit2.o)
    0x08000182   0x08000182   0x00000000   Code   RO         3187    .ARM.Collect$$libinit$$00000032  c_w.l(libinit2.o)
    0x08000182   0x08000182   0x00000002   Code   RO         3188    .ARM.Collect$$libinit$$00000033  c_w.l(libinit2.o)
    0x08000184   0x08000184   0x00000002   Code   RO         3218    .ARM.Collect$$libshutdown$$00000000  c_w.l(libshutdown.o)
    0x08000186   0x08000186   0x00000000   Code   RO         3229    .ARM.Collect$$libshutdown$$00000002  c_w.l(libshutdown2.o)
    0x08000186   0x08000186   0x00000000   Code   RO         3231    .ARM.Collect$$libshutdown$$00000004  c_w.l(libshutdown2.o)
    0x08000186   0x08000186   0x00000000   Code   RO         3233    .ARM.Collect$$libshutdown$$00000006  c_w.l(libshutdown2.o)
    0x08000186   0x08000186   0x00000000   Code   RO         3236    .ARM.Collect$$libshutdown$$00000009  c_w.l(libshutdown2.o)
    0x08000186   0x08000186   0x00000000   Code   RO         3239    .ARM.Collect$$libshutdown$$0000000C  c_w.l(libshutdown2.o)
    0x08000186   0x08000186   0x00000000   Code   RO         3241    .ARM.Collect$$libshutdown$$0000000E  c_w.l(libshutdown2.o)
    0x08000186   0x08000186   0x00000000   Code   RO         3244    .ARM.Collect$$libshutdown$$00000011  c_w.l(libshutdown2.o)
    0x08000186   0x08000186   0x00000002   Code   RO         3245    .ARM.Collect$$libshutdown$$00000012  c_w.l(libshutdown2.o)
    0x08000188   0x08000188   0x00000000   Code   RO         3044    .ARM.Collect$$rtentry$$00000000  c_w.l(__rtentry.o)
    0x08000188   0x08000188   0x00000000   Code   RO         3070    .ARM.Collect$$rtentry$$00000002  c_w.l(__rtentry2.o)
    0x08000188   0x08000188   0x00000006   Code   RO         3082    .ARM.Collect$$rtentry$$00000004  c_w.l(__rtentry4.o)
    0x0800018e   0x0800018e   0x00000000   Code   RO         3072    .ARM.Collect$$rtentry$$00000009  c_w.l(__rtentry2.o)
    0x0800018e   0x0800018e   0x00000004   Code   RO         3073    .ARM.Collect$$rtentry$$0000000A  c_w.l(__rtentry2.o)
    0x08000192   0x08000192   0x00000000   Code   RO         3075    .ARM.Collect$$rtentry$$0000000C  c_w.l(__rtentry2.o)
    0x08000192   0x08000192   0x00000008   Code   RO         3076    .ARM.Collect$$rtentry$$0000000D  c_w.l(__rtentry2.o)
    0x0800019a   0x0800019a   0x00000002   Code   RO         3189    .ARM.Collect$$rtexit$$00000000  c_w.l(rtexit.o)
    0x0800019c   0x0800019c   0x00000000   Code   RO         3196    .ARM.Collect$$rtexit$$00000002  c_w.l(rtexit2.o)
    0x0800019c   0x0800019c   0x00000004   Code   RO         3197    .ARM.Collect$$rtexit$$00000003  c_w.l(rtexit2.o)
    0x080001a0   0x080001a0   0x00000006   Code   RO         3198    .ARM.Collect$$rtexit$$00000004  c_w.l(rtexit2.o)
    0x080001a6   0x080001a6   0x00000002   PAD
    0x080001a8   0x080001a8   0x00000040   Code   RO            4    .text               startup_stm32f103xb.o
    0x080001e8   0x080001e8   0x00000028   Code   RO         2969    .text               c_w.l(noretval__2sprintf.o)
    0x08000210   0x08000210   0x00000078   Code   RO         2973    .text               c_w.l(_printf_dec.o)
    0x08000288   0x08000288   0x0000010e   Code   RO         2983    .text               c_w.l(__printf_wp.o)
    0x08000396   0x08000396   0x00000044   Code   RO         3000    .text               c_w.l(rt_memclr.o)
    0x080003da   0x080003da   0x0000004e   Code   RO         3002    .text               c_w.l(rt_memclr_w.o)
    0x08000428   0x08000428   0x00000006   Code   RO         3004    .text               c_w.l(heapauxi.o)
    0x0800042e   0x0800042e   0x000000b2   Code   RO         3045    .text               c_w.l(_printf_intcommon.o)
    0x080004e0   0x080004e0   0x0000041e   Code   RO         3047    .text               c_w.l(_printf_fp_dec.o)
    0x080008fe   0x080008fe   0x00000002   PAD
    0x08000900   0x08000900   0x00000030   Code   RO         3049    .text               c_w.l(_printf_char_common.o)
    0x08000930   0x08000930   0x0000000a   Code   RO         3051    .text               c_w.l(_sputc.o)
    0x0800093a   0x0800093a   0x00000002   PAD
    0x0800093c   0x0800093c   0x00000008   Code   RO         3087    .text               c_w.l(rt_locale_intlibspace.o)
    0x08000944   0x08000944   0x0000008a   Code   RO         3089    .text               c_w.l(lludiv10.o)
    0x080009ce   0x080009ce   0x00000002   PAD
    0x080009d0   0x080009d0   0x00000080   Code   RO         3091    .text               c_w.l(_printf_fp_infnan.o)
    0x08000a50   0x08000a50   0x000000e4   Code   RO         3095    .text               c_w.l(bigflt0.o)
    0x08000b34   0x08000b34   0x00000008   Code   RO         3129    .text               c_w.l(libspace.o)
    0x08000b3c   0x08000b3c   0x0000004a   Code   RO         3132    .text               c_w.l(sys_stackheap_outer.o)
    0x08000b86   0x08000b86   0x00000012   Code   RO         3134    .text               c_w.l(exit.o)
    0x08000b98   0x08000b98   0x00000080   Code   RO         3136    .text               c_w.l(strcmpv7m.o)
    0x08000c18   0x08000c18   0x0000000c   Code   RO         3208    .text               c_w.l(sys_exit.o)
    0x08000c24   0x08000c24   0x00000002   Code   RO         3219    .text               c_w.l(use_no_semi.o)
    0x08000c26   0x08000c26   0x00000000   Code   RO         3221    .text               c_w.l(indicate_semi.o)
    0x08000c26   0x08000c26   0x0000003e   Code   RO         3098    CL$$btod_d2e        c_w.l(btod.o)
    0x08000c64   0x08000c64   0x00000046   Code   RO         3100    CL$$btod_d2e_denorm_low  c_w.l(btod.o)
    0x08000caa   0x08000caa   0x00000060   Code   RO         3099    CL$$btod_d2e_norm_op1  c_w.l(btod.o)
    0x08000d0a   0x08000d0a   0x00000338   Code   RO         3108    CL$$btod_div_common  c_w.l(btod.o)
    0x08001042   0x08001042   0x000000dc   Code   RO         3105    CL$$btod_e2e        c_w.l(btod.o)
    0x0800111e   0x0800111e   0x0000002a   Code   RO         3102    CL$$btod_ediv       c_w.l(btod.o)
    0x08001148   0x08001148   0x0000002a   Code   RO         3101    CL$$btod_emul       c_w.l(btod.o)
    0x08001172   0x08001172   0x00000244   Code   RO         3107    CL$$btod_mult_common  c_w.l(btod.o)
    0x080013b6   0x080013b6   0x00000002   Code   RO          362    i.BusFault_Handler  stm32f1xx_it.o
    0x080013b8   0x080013b8   0x0000000c   Code   RO          363    i.DMA1_Channel6_IRQHandler  stm32f1xx_it.o
    0x080013c4   0x080013c4   0x0000000c   Code   RO          364    i.DMA1_Channel7_IRQHandler  stm32f1xx_it.o
    0x080013d0   0x080013d0   0x0000002a   Code   RO         1333    i.DMA_SetConfig     stm32f1xx_hal_dma.o
    0x080013fa   0x080013fa   0x00000002   Code   RO          365    i.DebugMon_Handler  stm32f1xx_it.o
    0x080013fc   0x080013fc   0x00000004   Code   RO           13    i.Error_Handler     main.o
    0x08001400   0x08001400   0x00000046   Code   RO         1334    i.HAL_DMA_Abort     stm32f1xx_hal_dma.o
    0x08001446   0x08001446   0x00000002   PAD
    0x08001448   0x08001448   0x00000098   Code   RO         1335    i.HAL_DMA_Abort_IT  stm32f1xx_hal_dma.o
    0x080014e0   0x080014e0   0x00000154   Code   RO         1339    i.HAL_DMA_IRQHandler  stm32f1xx_hal_dma.o
    0x08001634   0x08001634   0x0000005c   Code   RO         1340    i.HAL_DMA_Init      stm32f1xx_hal_dma.o
    0x08001690   0x08001690   0x00000070   Code   RO         1344    i.HAL_DMA_Start_IT  stm32f1xx_hal_dma.o
    0x08001700   0x08001700   0x00000024   Code   RO          960    i.HAL_Delay         stm32f1xx_hal.o
    0x08001724   0x08001724   0x000001e0   Code   RO         1270    i.HAL_GPIO_Init     stm32f1xx_hal_gpio.o
    0x08001904   0x08001904   0x0000000a   Code   RO         1274    i.HAL_GPIO_WritePin  stm32f1xx_hal_gpio.o
    0x0800190e   0x0800190e   0x00000002   PAD
    0x08001910   0x08001910   0x0000000c   Code   RO          964    i.HAL_GetTick       stm32f1xx_hal.o
    0x0800191c   0x0800191c   0x00000188   Code   RO          527    i.HAL_I2C_Init      stm32f1xx_hal_i2c.o
    0x08001aa4   0x08001aa4   0x0000012c   Code   RO          540    i.HAL_I2C_Master_Transmit  stm32f1xx_hal_i2c.o
    0x08001bd0   0x08001bd0   0x00000070   Code   RO          237    i.HAL_I2C_MspInit   i2c.o
    0x08001c40   0x08001c40   0x00000010   Code   RO          970    i.HAL_IncTick       stm32f1xx_hal.o
    0x08001c50   0x08001c50   0x00000024   Code   RO          971    i.HAL_Init          stm32f1xx_hal.o
    0x08001c74   0x08001c74   0x00000040   Code   RO          972    i.HAL_InitTick      stm32f1xx_hal.o
    0x08001cb4   0x08001cb4   0x0000003c   Code   RO          456    i.HAL_MspInit       stm32f1xx_hal_msp.o
    0x08001cf0   0x08001cf0   0x0000001a   Code   RO         1430    i.HAL_NVIC_EnableIRQ  stm32f1xx_hal_cortex.o
    0x08001d0a   0x08001d0a   0x00000002   PAD
    0x08001d0c   0x08001d0c   0x00000040   Code   RO         1436    i.HAL_NVIC_SetPriority  stm32f1xx_hal_cortex.o
    0x08001d4c   0x08001d4c   0x00000024   Code   RO         1437    i.HAL_NVIC_SetPriorityGrouping  stm32f1xx_hal_cortex.o
    0x08001d70   0x08001d70   0x0000012c   Code   RO         1128    i.HAL_RCC_ClockConfig  stm32f1xx_hal_rcc.o
    0x08001e9c   0x08001e9c   0x00000020   Code   RO         1135    i.HAL_RCC_GetPCLK1Freq  stm32f1xx_hal_rcc.o
    0x08001ebc   0x08001ebc   0x00000020   Code   RO         1136    i.HAL_RCC_GetPCLK2Freq  stm32f1xx_hal_rcc.o
    0x08001edc   0x08001edc   0x0000004c   Code   RO         1137    i.HAL_RCC_GetSysClockFreq  stm32f1xx_hal_rcc.o
    0x08001f28   0x08001f28   0x00000320   Code   RO         1140    i.HAL_RCC_OscConfig  stm32f1xx_hal_rcc.o
    0x08002248   0x08002248   0x000000b2   Code   RO         1941    i.HAL_SPI_Init      stm32f1xx_hal_spi.o
    0x080022fa   0x080022fa   0x00000002   PAD
    0x080022fc   0x080022fc   0x00000070   Code   RO          279    i.HAL_SPI_MspInit   spi.o
    0x0800236c   0x0800236c   0x00000154   Code   RO         1944    i.HAL_SPI_Receive   stm32f1xx_hal_spi.o
    0x080024c0   0x080024c0   0x00000166   Code   RO         1949    i.HAL_SPI_Transmit  stm32f1xx_hal_spi.o
    0x08002626   0x08002626   0x000001f0   Code   RO         1950    i.HAL_SPI_TransmitReceive  stm32f1xx_hal_spi.o
    0x08002816   0x08002816   0x00000028   Code   RO         1441    i.HAL_SYSTICK_Config  stm32f1xx_hal_cortex.o
    0x0800283e   0x0800283e   0x0000004a   Code   RO         2262    i.HAL_UARTEx_ReceiveToIdle_DMA  stm32f1xx_hal_uart.o
    0x08002888   0x08002888   0x000000e4   Code   RO           14    i.HAL_UARTEx_RxEventCallback  main.o
    0x0800296c   0x0800296c   0x00000002   Code   RO         2278    i.HAL_UART_ErrorCallback  stm32f1xx_hal_uart.o
    0x0800296e   0x0800296e   0x00000002   PAD
    0x08002970   0x08002970   0x0000026c   Code   RO         2281    i.HAL_UART_IRQHandler  stm32f1xx_hal_uart.o
    0x08002bdc   0x08002bdc   0x00000064   Code   RO         2282    i.HAL_UART_Init     stm32f1xx_hal_uart.o
    0x08002c40   0x08002c40   0x000000d8   Code   RO          321    i.HAL_UART_MspInit  usart.o
    0x08002d18   0x08002d18   0x00000002   Code   RO         2288    i.HAL_UART_RxCpltCallback  stm32f1xx_hal_uart.o
    0x08002d1a   0x08002d1a   0x00000002   Code   RO         2289    i.HAL_UART_RxHalfCpltCallback  stm32f1xx_hal_uart.o
    0x08002d1c   0x08002d1c   0x000000a0   Code   RO         2290    i.HAL_UART_Transmit  stm32f1xx_hal_uart.o
    0x08002dbc   0x08002dbc   0x00000002   Code   RO         2293    i.HAL_UART_TxCpltCallback  stm32f1xx_hal_uart.o
    0x08002dbe   0x08002dbe   0x00000002   Code   RO          366    i.HardFault_Handler  stm32f1xx_it.o
    0x08002dc0   0x08002dc0   0x0000002e   Code   RO          570    i.I2C_IsAcknowledgeFailed  stm32f1xx_hal_i2c.o
    0x08002dee   0x08002dee   0x00000002   PAD
    0x08002df0   0x08002df0   0x0000009c   Code   RO          574    i.I2C_MasterRequestWrite  stm32f1xx_hal_i2c.o
    0x08002e8c   0x08002e8c   0x00000056   Code   RO          585    i.I2C_WaitOnBTFFlagUntilTimeout  stm32f1xx_hal_i2c.o
    0x08002ee2   0x08002ee2   0x00000002   PAD
    0x08002ee4   0x08002ee4   0x00000090   Code   RO          586    i.I2C_WaitOnFlagUntilTimeout  stm32f1xx_hal_i2c.o
    0x08002f74   0x08002f74   0x000000bc   Code   RO          587    i.I2C_WaitOnMasterAddressFlagUntilTimeout  stm32f1xx_hal_i2c.o
    0x08003030   0x08003030   0x00000056   Code   RO          589    i.I2C_WaitOnTXEFlagUntilTimeout  stm32f1xx_hal_i2c.o
    0x08003086   0x08003086   0x00000002   PAD
    0x08003088   0x08003088   0x0000003c   Code   RO          212    i.MX_DMA_Init       dma.o
    0x080030c4   0x080030c4   0x000000bc   Code   RO          188    i.MX_GPIO_Init      gpio.o
    0x08003180   0x08003180   0x00000040   Code   RO          238    i.MX_I2C1_Init      i2c.o
    0x080031c0   0x080031c0   0x00000048   Code   RO          280    i.MX_SPI1_Init      spi.o
    0x08003208   0x08003208   0x00000038   Code   RO          322    i.MX_USART2_UART_Init  usart.o
    0x08003240   0x08003240   0x00000002   Code   RO          367    i.MemManage_Handler  stm32f1xx_it.o
    0x08003242   0x08003242   0x00000002   Code   RO          368    i.NMI_Handler       stm32f1xx_it.o
    0x08003244   0x08003244   0x00000010   Code   RO         2714    i.OLED_Clear        oled.o
    0x08003254   0x08003254   0x00000032   Code   RO         2720    i.OLED_DisplayFilledRectangle  oled.o
    0x08003286   0x08003286   0x00000002   PAD
    0x08003288   0x08003288   0x00000104   Code   RO         2722    i.OLED_DisplayLine  oled.o
    0x0800338c   0x0800338c   0x00000030   Code   RO         2724    i.OLED_DisplayPixel  oled.o
    0x080033bc   0x080033bc   0x00000048   Code   RO         2725    i.OLED_DisplayRectangle  oled.o
    0x08003404   0x08003404   0x000000bc   Code   RO         2727    i.OLED_Init         oled.o
    0x080034c0   0x080034c0   0x00000020   Code   RO         2728    i.OLED_PrintASCIIChar  oled.o
    0x080034e0   0x080034e0   0x0000002e   Code   RO         2729    i.OLED_PrintASCIIString  oled.o
    0x0800350e   0x0800350e   0x00000002   PAD
    0x08003510   0x08003510   0x00000024   Code   RO         2731    i.OLED_SendCmd      oled.o
    0x08003534   0x08003534   0x00000048   Code   RO         2732    i.OLED_SetBits      oled.o
    0x0800357c   0x0800357c   0x00000068   Code   RO         2733    i.OLED_SetBits_Fine  oled.o
    0x080035e4   0x080035e4   0x00000088   Code   RO         2734    i.OLED_SetBlock     oled.o
    0x0800366c   0x0800366c   0x00000048   Code   RO         2736    i.OLED_SetByte_Fine  oled.o
    0x080036b4   0x080036b4   0x00000060   Code   RO         2738    i.OLED_Show         oled.o
    0x08003714   0x08003714   0x00000002   Code   RO          369    i.PendSV_Handler    stm32f1xx_it.o
    0x08003716   0x08003716   0x0000005c   Code   RO         1978    i.SPI_EndRxTransaction  stm32f1xx_hal_spi.o
    0x08003772   0x08003772   0x00000034   Code   RO         1979    i.SPI_EndRxTxTransaction  stm32f1xx_hal_spi.o
    0x080037a6   0x080037a6   0x00000002   PAD
    0x080037a8   0x080037a8   0x00000010   Code   RO         2891    i.SPI_Receive       w25q64.o
    0x080037b8   0x080037b8   0x00000010   Code   RO         2892    i.SPI_Transmit      w25q64.o
    0x080037c8   0x080037c8   0x000000b8   Code   RO         1984    i.SPI_WaitFlagStateUntilTimeout  stm32f1xx_hal_spi.o
    0x08003880   0x08003880   0x00000002   Code   RO          370    i.SVC_Handler       stm32f1xx_it.o
    0x08003882   0x08003882   0x00000004   Code   RO          371    i.SysTick_Handler   stm32f1xx_it.o
    0x08003886   0x08003886   0x0000005e   Code   RO           15    i.SystemClock_Config  main.o
    0x080038e4   0x080038e4   0x00000002   Code   RO         2616    i.SystemInit        system_stm32f1xx.o
    0x080038e6   0x080038e6   0x00000010   Code   RO         2295    i.UART_DMAAbortOnError  stm32f1xx_hal_uart.o
    0x080038f6   0x080038f6   0x0000004a   Code   RO         2296    i.UART_DMAError     stm32f1xx_hal_uart.o
    0x08003940   0x08003940   0x00000086   Code   RO         2297    i.UART_DMAReceiveCplt  stm32f1xx_hal_uart.o
    0x080039c6   0x080039c6   0x0000001e   Code   RO         2299    i.UART_DMARxHalfCplt  stm32f1xx_hal_uart.o
    0x080039e4   0x080039e4   0x0000004e   Code   RO         2305    i.UART_EndRxTransfer  stm32f1xx_hal_uart.o
    0x08003a32   0x08003a32   0x0000001c   Code   RO         2306    i.UART_EndTxTransfer  stm32f1xx_hal_uart.o
    0x08003a4e   0x08003a4e   0x000000c2   Code   RO         2307    i.UART_Receive_IT   stm32f1xx_hal_uart.o
    0x08003b10   0x08003b10   0x000000b8   Code   RO         2308    i.UART_SetConfig    stm32f1xx_hal_uart.o
    0x08003bc8   0x08003bc8   0x00000090   Code   RO         2309    i.UART_Start_Receive_DMA  stm32f1xx_hal_uart.o
    0x08003c58   0x08003c58   0x00000072   Code   RO         2311    i.UART_WaitOnFlagUntilTimeout  stm32f1xx_hal_uart.o
    0x08003cca   0x08003cca   0x00000002   PAD
    0x08003ccc   0x08003ccc   0x0000000c   Code   RO          372    i.USART2_IRQHandler  stm32f1xx_it.o
    0x08003cd8   0x08003cd8   0x00000002   Code   RO          373    i.UsageFault_Handler  stm32f1xx_it.o
    0x08003cda   0x08003cda   0x00000002   PAD
    0x08003cdc   0x08003cdc   0x00000038   Code   RO         2894    i.W25QXX_Erase_chip  w25q64.o
    0x08003d14   0x08003d14   0x0000005c   Code   RO         2895    i.W25QXX_Page_Program  w25q64.o
    0x08003d70   0x08003d70   0x00000070   Code   RO         2896    i.W25QXX_Read       w25q64.o
    0x08003de0   0x08003de0   0x00000058   Code   RO         2898    i.W25QXX_Wait_Busy  w25q64.o
    0x08003e38   0x08003e38   0x00000030   Code   RO         2900    i.W25QXX_Write_Enable  w25q64.o
    0x08003e68   0x08003e68   0x00000028   Code   RO         3127    i.__ARM_fpclassify  m_ws.l(fpclassify.o)
    0x08003e90   0x08003e90   0x00000020   Code   RO         1443    i.__NVIC_SetPriority  stm32f1xx_hal_cortex.o
    0x08003eb0   0x08003eb0   0x0000000e   Code   RO         2985    i._is_digit         c_w.l(__printf_wp.o)
    0x08003ebe   0x08003ebe   0x00000002   PAD
    0x08003ec0   0x08003ec0   0x00000064   Code   RO           16    i.main              main.o
    0x08003f24   0x08003f24   0x00000094   Code   RO         3042    i.round             m_ws.l(round.o)
    0x08003fb8   0x08003fb8   0x0000002c   Code   RO         3121    locale$$code        c_w.l(lc_numeric_c.o)
    0x08003fe4   0x08003fe4   0x00000062   Code   RO         3008    x$fpl$d2f           fz_ws.l(d2f.o)
    0x08004046   0x08004046   0x00000002   PAD
    0x08004048   0x08004048   0x00000150   Code   RO         3010    x$fpl$dadd          fz_ws.l(daddsub_clz.o)
    0x08004198   0x08004198   0x00000018   Code   RO         3123    x$fpl$dcmpinf       fz_ws.l(dcmpi.o)
    0x080041b0   0x080041b0   0x000002b0   Code   RO         3017    x$fpl$ddiv          fz_ws.l(ddiv.o)
    0x08004460   0x08004460   0x0000005e   Code   RO         3020    x$fpl$dfix          fz_ws.l(dfix.o)
    0x080044be   0x080044be   0x00000026   Code   RO         3024    x$fpl$dfltu         fz_ws.l(dflt_clz.o)
    0x080044e4   0x080044e4   0x00000078   Code   RO         3054    x$fpl$dleqf         fz_ws.l(dleqf.o)
    0x0800455c   0x0800455c   0x0000009c   Code   RO         3056    x$fpl$dnaninf       fz_ws.l(dnaninf.o)
    0x080045f8   0x080045f8   0x0000000c   Code   RO         3058    x$fpl$dretinf       fz_ws.l(dretinf.o)
    0x08004604   0x08004604   0x0000006c   Code   RO         3060    x$fpl$drleqf        fz_ws.l(drleqf.o)
    0x08004670   0x08004670   0x000000b4   Code   RO         3062    x$fpl$drnd          fz_ws.l(drnd.o)
    0x08004724   0x08004724   0x00000016   Code   RO         3011    x$fpl$drsb          fz_ws.l(daddsub_clz.o)
    0x0800473a   0x0800473a   0x00000002   PAD
    0x0800473c   0x0800473c   0x000001d4   Code   RO         3012    x$fpl$dsub          fz_ws.l(daddsub_clz.o)
    0x08004910   0x08004910   0x00000056   Code   RO         3032    x$fpl$f2d           fz_ws.l(f2d.o)
    0x08004966   0x08004966   0x00000002   PAD
    0x08004968   0x08004968   0x00000026   Code   RO         3034    x$fpl$ffltu         fz_ws.l(fflt_clz.o)
    0x0800498e   0x0800498e   0x0000008c   Code   RO         3064    x$fpl$fnaninf       fz_ws.l(fnaninf.o)
    0x08004a1a   0x08004a1a   0x0000000a   Code   RO         3066    x$fpl$fretinf       fz_ws.l(fretinf.o)
    0x08004a24   0x08004a24   0x00000004   Code   RO         3040    x$fpl$printf1       fz_ws.l(printf1.o)
    0x08004a28   0x08004a28   0x00000000   Code   RO         3068    x$fpl$usenofp       fz_ws.l(usenofp.o)
    0x08004a28   0x08004a28   0x00000012   Data   RO         1141    .constdata          stm32f1xx_hal_rcc.o
    0x08004a3a   0x08004a3a   0x00000010   Data   RO         2617    .constdata          system_stm32f1xx.o
    0x08004a4a   0x08004a4a   0x00000008   Data   RO         2618    .constdata          system_stm32f1xx.o
    0x08004a52   0x08004a52   0x000005f0   Data   RO         2656    .constdata          font.o
    0x08005042   0x08005042   0x00000002   PAD
    0x08005044   0x08005044   0x00000008   Data   RO         2657    .constdata          font.o
    0x0800504c   0x0800504c   0x00000094   Data   RO         3096    .constdata          c_w.l(bigflt0.o)
    0x080050e0   0x080050e0   0x00000020   Data   RO         3270    Region$$Table       anon$$obj.o
    0x08005100   0x08005100   0x0000001c   Data   RO         3120    locale$$data        c_w.l(lc_numeric_c.o)


    Execution Region RW_IRAM1 (Exec base: 0x20000000, Load base: 0x0800511c, Size: 0x00000cf8, Max: 0x00005000, ABSOLUTE)

    Exec Addr    Load Addr    Size         Type   Attr      Idx    E Section Name        Object

    0x20000000   0x0800511c   0x0000000c   Data   RW          978    .data               stm32f1xx_hal.o
    0x2000000c   0x08005128   0x00000004   Data   RW         2619    .data               system_stm32f1xx.o
    0x20000010   0x0800512c   0x00000002   Data   RW         2741    .data               oled.o
    0x20000012   0x0800512e   0x00000002   PAD
    0x20000014        -       0x00000102   Zero   RW           17    .bss                main.o
    0x20000116   0x0800512e   0x00000002   PAD
    0x20000118        -       0x00000054   Zero   RW          239    .bss                i2c.o
    0x2000016c        -       0x00000058   Zero   RW          281    .bss                spi.o
    0x200001c4        -       0x000000d0   Zero   RW          323    .bss                usart.o
    0x20000294        -       0x00000400   Zero   RW         2740    .bss                oled.o
    0x20000694        -       0x00000060   Zero   RW         3130    .bss                c_w.l(libspace.o)
    0x200006f4   0x0800512e   0x00000004   PAD
    0x200006f8        -       0x00000200   Zero   RW            2    HEAP                startup_stm32f103xb.o
    0x200008f8        -       0x00000400   Zero   RW            1    STACK               startup_stm32f103xb.o


==============================================================================

Image component sizes


      Code (inc. data)   RO Data    RW Data    ZI Data      Debug   Object Name

        60          4          0          0          0        770   dma.o
         0          0       1528          0          0       1952   font.o
       188         18          0          0          0        975   gpio.o
       176         30          0          0         84       1669   i2c.o
       426         46          0          0        258     412159   main.o
      1228         42          0          2       1024      10632   oled.o
       184         24          0          0         88       1657   spi.o
        64         26        236          0       1536        808   startup_stm32f103xb.o
       164         28          0         12          0       5921   stm32f1xx_hal.o
       198         14          0          0          0      28951   stm32f1xx_hal_cortex.o
       808         36          0          0          0       5002   stm32f1xx_hal_dma.o
       490         34          0          0          0       2892   stm32f1xx_hal_gpio.o
      1398         32          0          0          0       9125   stm32f1xx_hal_i2c.o
        60          8          0          0          0        878   stm32f1xx_hal_msp.o
      1240         84         18          0          0       5124   stm32f1xx_hal_rcc.o
      1700          4          0          0          0       8070   stm32f1xx_hal_spi.o
      1958         24          0          0          0      14281   stm32f1xx_hal_uart.o
        56         18          0          0          0       5228   stm32f1xx_it.o
         2          0         24          4          0       1119   system_stm32f1xx.o
       272         28          0          0        208       1892   usart.o
       428         34          0          0          0       4478   w25q64.o

    ----------------------------------------------------------------------
     11126        534       1840         20       3200     523583   Object Totals
         0          0         32          0          0          0   (incl. Generated)
        26          0          2          2          2          0   (incl. Padding)

    ----------------------------------------------------------------------

      Code (inc. data)   RO Data    RW Data    ZI Data      Debug   Library Member Name

         8          0          0          0          0         68   __main.o
       284          0          0          0          0        156   __printf_wp.o
         0          0          0          0          0          0   __rtentry.o
        12          0          0          0          0          0   __rtentry2.o
         6          0          0          0          0          0   __rtentry4.o
        52          8          0          0          0          0   __scatter.o
        26          0          0          0          0          0   __scatter_copy.o
        28          0          0          0          0          0   __scatter_zi.o
        48          6          0          0          0         96   _printf_char_common.o
         6          0          0          0          0          0   _printf_d.o
       120         16          0          0          0         92   _printf_dec.o
         6          0          0          0          0          0   _printf_f.o
      1054          0          0          0          0        216   _printf_fp_dec.o
       128         16          0          0          0         84   _printf_fp_infnan.o
       178          0          0          0          0         88   _printf_intcommon.o
         0          0          0          0          0          0   _printf_percent.o
         4          0          0          0          0          0   _printf_percent_end.o
        10          0          0          0          0         68   _sputc.o
       228          4        148          0          0         96   bigflt0.o
      1936        128          0          0          0        672   btod.o
        18          0          0          0          0         80   exit.o
         6          0          0          0          0        152   heapauxi.o
         0          0          0          0          0          0   indicate_semi.o
        44         10         28          0          0         76   lc_numeric_c.o
         2          0          0          0          0          0   libinit.o
        18          0          0          0          0          0   libinit2.o
         2          0          0          0          0          0   libshutdown.o
         2          0          0          0          0          0   libshutdown2.o
         8          4          0          0         96         68   libspace.o
       138          0          0          0          0         80   lludiv10.o
        40          6          0          0          0         84   noretval__2sprintf.o
         8          4          0          0          0         68   rt_locale_intlibspace.o
        68          0          0          0          0         68   rt_memclr.o
        78          0          0          0          0         80   rt_memclr_w.o
         2          0          0          0          0          0   rtexit.o
        10          0          0          0          0          0   rtexit2.o
       128          0          0          0          0         68   strcmpv7m.o
        12          4          0          0          0         68   sys_exit.o
        74          0          0          0          0         80   sys_stackheap_outer.o
         2          0          0          0          0         68   use_no_semi.o
        98          4          0          0          0         92   d2f.o
       826         16          0          0          0        348   daddsub_clz.o
        24          0          0          0          0         68   dcmpi.o
       688        140          0          0          0        208   ddiv.o
        94          4          0          0          0         92   dfix.o
        38          0          0          0          0         68   dflt_clz.o
       120          4          0          0          0         92   dleqf.o
       156          4          0          0          0         92   dnaninf.o
        12          0          0          0          0         68   dretinf.o
       108          0          0          0          0         80   drleqf.o
       180          4          0          0          0         80   drnd.o
        86          4          0          0          0         84   f2d.o
        38          0          0          0          0         68   fflt_clz.o
       140          4          0          0          0         84   fnaninf.o
        10          0          0          0          0         68   fretinf.o
         4          0          0          0          0         68   printf1.o
         0          0          0          0          0          0   usenofp.o
        40          0          0          0          0         68   fpclassify.o
       148         12          0          0          0         88   round.o

    ----------------------------------------------------------------------
      7622        402        176          0        100       4492   Library Totals
        18          0          0          0          4          0   (incl. Padding)

    ----------------------------------------------------------------------

      Code (inc. data)   RO Data    RW Data    ZI Data      Debug   Library Name

      4794        206        176          0         96       2676   c_w.l
      2622        184          0          0          0       1660   fz_ws.l
       188         12          0          0          0        156   m_ws.l

    ----------------------------------------------------------------------
      7622        402        176          0        100       4492   Library Totals

    ----------------------------------------------------------------------

==============================================================================


      Code (inc. data)   RO Data    RW Data    ZI Data      Debug   

     18748        936       2016         20       3300     520427   Grand Totals
     18748        936       2016         20       3300     520427   ELF Image Totals
     18748        936       2016         20          0          0   ROM Totals

==============================================================================

    Total RO  Size (Code + RO Data)                20764 (  20.28kB)
    Total RW  Size (RW Data + ZI Data)              3320 (   3.24kB)
    Total ROM Size (Code + RO Data + RW Data)      20784 (  20.30kB)

==============================================================================

