<html>
<body>
<pre>
<h1>礦ision Build Log</h1>
<h2>Tool Versions:</h2>
IDE-Version: 礦ision V5.42.0.0
Copyright (C) 2025 ARM Ltd and ARM Germany GmbH. All rights reserved.
License Information: x stay, x, LIC=----
 
Tool Versions:
Toolchain:       MDK-Lite  Version: 5.42.0.0
Toolchain Path:  D:\app\Keil_v5\ARM\ARMCC\Bin
C Compiler:      Armcc.exe V5.06 update 7 (build 960)
Assembler:       Armasm.exe V5.06 update 7 (build 960)
Linker/Locator:  ArmLink.exe V5.06 update 7 (build 960)
Library Manager: ArmAr.exe V5.06 update 7 (build 960)
Hex Converter:   FromElf.exe V5.06 update 7 (build 960)
CPU DLL:         SARMCM3.DLL V5.42.0.0
Dialog DLL:      DCM.DLL V1.17.5.0
Target DLL:      STLink\ST-LINKIII-KEIL_SWO.dll V3.3.0.0
Dialog DLL:      TCM.DLL V1.56.6.0
 
<h2>Project:</h2>
D:\STAY\Desktop\项目设计\W25Q64-for-fontZH\W25Qxx\MDK-ARM\W25Qxx.uvprojx
Project File Date:  06/26/2025

<h2>Output:</h2>
*** Using Compiler 'V5.06 update 7 (build 960)', folder: 'D:\app\Keil_v5\ARM\ARMCC\Bin'
Build target 'W25Qxx'
assembling startup_stm32f103xb.s...
compiling stm32f1xx_hal_msp.c...
compiling dma.c...
compiling main.c...
..\code\W25Q64.h(39): warning:  #1-D: last line of file ends without a newline
  #endif /* __MAIN_H */
../Core/Src/main.c: 1 warning, 0 errors
compiling stm32f1xx_it.c...
compiling gpio.c...
compiling i2c.c...
compiling stm32f1xx_hal_gpio_ex.c...
compiling stm32f1xx_hal.c...
compiling spi.c...
compiling usart.c...
compiling stm32f1xx_hal_i2c.c...
compiling stm32f1xx_hal_rcc_ex.c...
compiling stm32f1xx_hal_rcc.c...
compiling font.c...
compiling stm32f1xx_hal_gpio.c...
compiling stm32f1xx_hal_flash.c...
compiling system_stm32f1xx.c...
compiling stm32f1xx_hal_cortex.c...
compiling stm32f1xx_hal_flash_ex.c...
compiling stm32f1xx_hal_exti.c...
compiling fun.c...
..\code\W25Q64.h(39): warning:  #1-D: last line of file ends without a newline
  #endif /* __MAIN_H */
..\code\fun.h(10): warning:  #1-D: last line of file ends without a newline
  #endif
..\code\fun.c(36): warning:  #1-D: last line of file ends without a newline
  }
..\code\fun.c: 3 warnings, 0 errors
compiling stm32f1xx_hal_pwr.c...
compiling stm32f1xx_hal_dma.c...
compiling OLED.c...
..\code\W25Q64.h(39): warning:  #1-D: last line of file ends without a newline
  #endif /* __MAIN_H */
..\code\OLED.c: 1 warning, 0 errors
compiling stm32f1xx_hal_spi.c...
compiling W25Q64.c...
..\code\W25Q64.h(39): warning:  #1-D: last line of file ends without a newline
  #endif /* __MAIN_H */
..\code\W25Q64.c(283): warning:  #1-D: last line of file ends without a newline
  }
..\code\W25Q64.c(36): warning:  #177-D: function "SPI_TransmitReceive"  was declared but never referenced
  static HAL_StatusTypeDef SPI_TransmitReceive(uint8_t* send_buf, uint8_t* recv_buf, uint16_t size)
..\code\W25Q64.c: 3 warnings, 0 errors
compiling stm32f1xx_hal_uart.c...
linking...
Program Size: Code=18748 RO-data=2016 RW-data=20 ZI-data=3300  
FromELF: creating hex file...
"W25Qxx\W25Qxx.axf" - 0 Error(s), 8 Warning(s).

<h2>Software Packages used:</h2>

Package Vendor: ARM
                https://www.keil.com/pack/ARM.CMSIS.6.1.0.pack
                ARM::CMSIS@6.1.0
                CMSIS (Common Microcontroller Software Interface Standard)
   * Component: CORE Version: 6.1.0

Package Vendor: Keil
                https://www.keil.com/pack/Keil.STM32F1xx_DFP.2.4.1.pack
                Keil::STM32F1xx_DFP@2.4.1
                STMicroelectronics STM32F1 Series Device Support, Drivers and Examples

<h2>Collection of Component include folders:</h2>
  ./RTE/_W25Qxx
  D:/app/Arm/Packs/ARM/CMSIS/6.1.0/CMSIS/Core/Include
  D:/app/Arm/Packs/Keil/STM32F1xx_DFP/2.4.1/Device/Include

<h2>Collection of Component Files used:</h2>

   * Component: ARM::CMSIS:CORE@6.1.0
      Include file:  CMSIS/Core/Include/tz_context.h
Build Time Elapsed:  00:02:52
</pre>
</body>
</html>
